Component: Arm Compiler for Embedded 6.21 Tool: armlink [5ec1fa00]

==============================================================================

Section Cross References

    startup_py32f002bxx.o(RESET) refers to startup_py32f002bxx.o(STACK) for __initial_sp
    startup_py32f002bxx.o(RESET) refers to startup_py32f002bxx.o(.text) for Reset_Handler
    startup_py32f002bxx.o(RESET) refers to py32f002b_it.o(.text.NMI_Handler) for NMI_Handler
    startup_py32f002bxx.o(RESET) refers to py32f002b_it.o(.text.HardFault_Handler) for HardFault_Handler
    startup_py32f002bxx.o(RESET) refers to py32f002b_it.o(.text.SVC_Handler) for SVC_Handler
    startup_py32f002bxx.o(RESET) refers to py32f002b_it.o(.text.PendSV_Handler) for PendSV_Handler
    startup_py32f002bxx.o(RESET) refers to py32f002b_it.o(.text.SysTick_Handler) for SysTick_Handler
    startup_py32f002bxx.o(.text) refers to system_py32f002b.o(.text.SystemInit) for SystemInit
    startup_py32f002bxx.o(.text) refers to entry.o(.ARM.Collect$$$$00000000) for __main
    system_py32f002b.o(.text.SystemCoreClockUpdate) refers to system_py32f002b.o(.rodata.HSIFreqTable) for HSIFreqTable
    system_py32f002b.o(.text.SystemCoreClockUpdate) refers to system_py32f002b.o(.data.SystemCoreClock) for SystemCoreClock
    system_py32f002b.o(.text.SystemCoreClockUpdate) refers to system_py32f002b.o(.rodata.AHBPrescTable) for AHBPrescTable
    system_py32f002b.o(.ARM.exidx.text.SystemCoreClockUpdate) refers to system_py32f002b.o(.text.SystemCoreClockUpdate) for [Anonymous Symbol]
    system_py32f002b.o(.ARM.exidx.text.SystemInit) refers to system_py32f002b.o(.text.SystemInit) for [Anonymous Symbol]
    main.o(.text.main) refers to py32f002b_hal.o(.text.HAL_Init) for HAL_Init
    main.o(.text.main) refers to memseta.o(.text) for __aeabi_memclr4
    main.o(.text.main) refers to py32f002b_hal_rcc.o(.text.HAL_RCC_OscConfig) for HAL_RCC_OscConfig
    main.o(.text.main) refers to py32f002b_hal_rcc.o(.text.HAL_RCC_ClockConfig) for HAL_RCC_ClockConfig
    main.o(.text.main) refers to py32f002b_hal.o(.text.HAL_Delay) for HAL_Delay
    main.o(.text.main) refers to sys.o(.text.sys_gpio_init) for sys_gpio_init
    main.o(.text.main) refers to sys.o(.text.sys_open_power) for sys_open_power
    main.o(.ARM.exidx.text.main) refers to main.o(.text.main) for [Anonymous Symbol]
    main.o(.ARM.exidx.text.APP_ErrorHandler) refers to main.o(.text.APP_ErrorHandler) for [Anonymous Symbol]
    py32f002b_hal_msp.o(.ARM.exidx.text.HAL_MspInit) refers to py32f002b_hal_msp.o(.text.HAL_MspInit) for [Anonymous Symbol]
    py32f002b_it.o(.ARM.exidx.text.NMI_Handler) refers to py32f002b_it.o(.text.NMI_Handler) for [Anonymous Symbol]
    py32f002b_it.o(.ARM.exidx.text.HardFault_Handler) refers to py32f002b_it.o(.text.HardFault_Handler) for [Anonymous Symbol]
    py32f002b_it.o(.ARM.exidx.text.SVC_Handler) refers to py32f002b_it.o(.text.SVC_Handler) for [Anonymous Symbol]
    py32f002b_it.o(.ARM.exidx.text.PendSV_Handler) refers to py32f002b_it.o(.text.PendSV_Handler) for [Anonymous Symbol]
    py32f002b_it.o(.text.SysTick_Handler) refers to py32f002b_hal.o(.text.HAL_IncTick) for HAL_IncTick
    py32f002b_it.o(.ARM.exidx.text.SysTick_Handler) refers to py32f002b_it.o(.text.SysTick_Handler) for [Anonymous Symbol]
    sys.o(.text.sys_gpio_init) refers to py32f002b_hal_gpio.o(.text.HAL_GPIO_Init) for HAL_GPIO_Init
    sys.o(.ARM.exidx.text.sys_gpio_init) refers to sys.o(.text.sys_gpio_init) for [Anonymous Symbol]
    sys.o(.ARM.exidx.text.sys_init_i2c) refers to sys.o(.text.sys_init_i2c) for [Anonymous Symbol]
    sys.o(.ARM.exidx.text.sys_init_pwm) refers to sys.o(.text.sys_init_pwm) for [Anonymous Symbol]
    sys.o(.text.sys_open_power) refers to py32f002b_hal_gpio.o(.text.HAL_GPIO_WritePin) for HAL_GPIO_WritePin
    sys.o(.ARM.exidx.text.sys_open_power) refers to sys.o(.text.sys_open_power) for [Anonymous Symbol]
    sys.o(.text.sys_close_power) refers to py32f002b_hal_gpio.o(.text.HAL_GPIO_WritePin) for HAL_GPIO_WritePin
    sys.o(.ARM.exidx.text.sys_close_power) refers to sys.o(.text.sys_close_power) for [Anonymous Symbol]
    py32f002b_hal.o(.text.HAL_Init) refers to py32f002b_hal.o(.text.HAL_InitTick) for HAL_InitTick
    py32f002b_hal.o(.text.HAL_Init) refers to py32f002b_hal_msp.o(.text.HAL_MspInit) for HAL_MspInit
    py32f002b_hal.o(.ARM.exidx.text.HAL_Init) refers to py32f002b_hal.o(.text.HAL_Init) for [Anonymous Symbol]
    py32f002b_hal.o(.text.HAL_InitTick) refers to uidiv_div0.o(.text) for __aeabi_uidiv
    py32f002b_hal.o(.text.HAL_InitTick) refers to py32f002b_hal_cortex.o(.text.HAL_SYSTICK_Config) for HAL_SYSTICK_Config
    py32f002b_hal.o(.text.HAL_InitTick) refers to py32f002b_hal_cortex.o(.text.HAL_NVIC_SetPriority) for HAL_NVIC_SetPriority
    py32f002b_hal.o(.text.HAL_InitTick) refers to py32f002b_hal.o(.data.uwTickFreq) for uwTickFreq
    py32f002b_hal.o(.text.HAL_InitTick) refers to system_py32f002b.o(.data.SystemCoreClock) for SystemCoreClock
[...]
    py32f002b_hal_tim.o(.ARM.exidx.text.HAL_TIM_PWM_DeInit) refers to py32f002b_hal_tim.o(.text.HAL_TIM_PWM_DeInit) for [Anonymous Symbol]
    py32f002b_hal_tim.o(.ARM.exidx.text.HAL_TIM_PWM_MspDeInit) refers to py32f002b_hal_tim.o(.text.HAL_TIM_PWM_MspDeInit) for [Anonymous Symbol]
    py32f002b_hal_tim.o(.ARM.exidx.text.HAL_TIM_PWM_Start) refers to py32f002b_hal_tim.o(.text.HAL_TIM_PWM_Start) for [Anonymous Symbol]
    py32f002b_hal_tim.o(.ARM.exidx.text.HAL_TIM_PWM_Stop) refers to py32f002b_hal_tim.o(.text.HAL_TIM_PWM_Stop) for [Anonymous Symbol]
    py32f002b_hal_tim.o(.text.HAL_TIM_PWM_Start_IT) refers to py32f002b_hal_tim.o(.rodata.cst16) for [Anonymous Symbol]
    py32f002b_hal_tim.o(.ARM.exidx.text.HAL_TIM_PWM_Start_IT) refers to py32f002b_hal_tim.o(.text.HAL_TIM_PWM_Start_IT) for [Anonymous Symbol]
    py32f002b_hal_tim.o(.text.HAL_TIM_PWM_Stop_IT) refers to py32f002b_hal_tim.o(.rodata.cst16) for [Anonymous Symbol]
    py32f002b_hal_tim.o(.ARM.exidx.text.HAL_TIM_PWM_Stop_IT) refers to py32f002b_hal_tim.o(.text.HAL_TIM_PWM_Stop_IT) for [Anonymous Symbol]
    py32f002b_hal_tim.o(.text.HAL_TIM_IC_Init) refers to py32f002b_hal_tim.o(.text.HAL_TIM_IC_MspInit) for HAL_TIM_IC_MspInit
    py32f002b_hal_tim.o(.ARM.exidx.text.HAL_TIM_IC_Init) refers to py32f002b_hal_tim.o(.text.HAL_TIM_IC_Init) for [Anonymous Symbol]
    py32f002b_hal_tim.o(.ARM.exidx.text.HAL_TIM_IC_MspInit) refers to py32f002b_hal_tim.o(.text.HAL_TIM_IC_MspInit) for [Anonymous Symbol]
    py32f002b_hal_tim.o(.text.HAL_TIM_IC_DeInit) refers to py32f002b_hal_tim.o(.text.HAL_TIM_IC_MspDeInit) for HAL_TIM_IC_MspDeInit
    py32f002b_hal_tim.o(.ARM.exidx.text.HAL_TIM_IC_DeInit) refers to py32f002b_hal_tim.o(.text.HAL_TIM_IC_DeInit) for [Anonymous Symbol]
    py32f002b_hal_tim.o(.ARM.exidx.text.HAL_TIM_IC_MspDeInit) refers to py32f002b_hal_tim.o(.text.HAL_TIM_IC_MspDeInit) for [Anonymous Symbol]
    py32f002b_hal_tim.o(.ARM.exidx.text.HAL_TIM_IC_Start) refers to py32f002b_hal_tim.o(.text.HAL_TIM_IC_Start) for [Anonymous Symbol]
    py32f002b_hal_tim.o(.ARM.exidx.text.HAL_TIM_IC_Stop) refers to py32f002b_hal_tim.o(.text.HAL_TIM_IC_Stop) for [Anonymous Symbol]
    py32f002b_hal_tim.o(.text.HAL_TIM_IC_Start_IT) refers to py32f002b_hal_tim.o(.rodata.cst16) for [Anonymous Symbol]
    py32f002b_hal_tim.o(.ARM.exidx.text.HAL_TIM_IC_Start_IT) refers to py32f002b_hal_tim.o(.text.HAL_TIM_IC_Start_IT) for [Anonymous Symbol]
    py32f002b_hal_tim.o(.text.HAL_TIM_IC_Stop_IT) refers to py32f002b_hal_tim.o(.rodata.cst16) for [Anonymous Symbol]
    py32f002b_hal_tim.o(.ARM.exidx.text.HAL_TIM_IC_Stop_IT) refers to py32f002b_hal_tim.o(.text.HAL_TIM_IC_Stop_IT) for [Anonymous Symbol]
    py32f002b_hal_tim.o(.text.HAL_TIM_OnePulse_Init) refers to py32f002b_hal_tim.o(.text.HAL_TIM_OnePulse_MspInit) for HAL_TIM_OnePulse_MspInit
    py32f002b_hal_tim.o(.ARM.exidx.text.HAL_TIM_OnePulse_Init) refers to py32f002b_hal_tim.o(.text.HAL_TIM_OnePulse_Init) for [Anonymous Symbol]
    py32f002b_hal_tim.o(.ARM.exidx.text.HAL_TIM_OnePulse_MspInit) refers to py32f002b_hal_tim.o(.text.HAL_TIM_OnePulse_MspInit) for [Anonymous Symbol]
    py32f002b_hal_tim.o(.text.HAL_TIM_OnePulse_DeInit) refers to py32f002b_hal_tim.o(.text.HAL_TIM_OnePulse_MspDeInit) for HAL_TIM_OnePulse_MspDeInit
    py32f002b_hal_tim.o(.ARM.exidx.text.HAL_TIM_OnePulse_DeInit) refers to py32f002b_hal_tim.o(.text.HAL_TIM_OnePulse_DeInit) for [Anonymous Symbol]
    py32f002b_hal_tim.o(.ARM.exidx.text.HAL_TIM_OnePulse_MspDeInit) refers to py32f002b_hal_tim.o(.text.HAL_TIM_OnePulse_MspDeInit) for [Anonymous Symbol]
    py32f002b_hal_tim.o(.ARM.exidx.text.HAL_TIM_OnePulse_Start) refers to py32f002b_hal_tim.o(.text.HAL_TIM_OnePulse_Start) for [Anonymous Symbol]
    py32f002b_hal_tim.o(.ARM.exidx.text.HAL_TIM_OnePulse_Stop) refers to py32f002b_hal_tim.o(.text.HAL_TIM_OnePulse_Stop) for [Anonymous Symbol]
    py32f002b_hal_tim.o(.ARM.exidx.text.HAL_TIM_OnePulse_Start_IT) refers to py32f002b_hal_tim.o(.text.HAL_TIM_OnePulse_Start_IT) for [Anonymous Symbol]
    py32f002b_hal_tim.o(.ARM.exidx.text.HAL_TIM_OnePulse_Stop_IT) refers to py32f002b_hal_tim.o(.text.HAL_TIM_OnePulse_Stop_IT) for [Anonymous Symbol]
    py32f002b_hal_tim.o(.text.HAL_TIM_Encoder_Init) refers to py32f002b_hal_tim.o(.text.HAL_TIM_Encoder_MspInit) for HAL_TIM_Encoder_MspInit
    py32f002b_hal_tim.o(.ARM.exidx.text.HAL_TIM_Encoder_Init) refers to py32f002b_hal_tim.o(.text.HAL_TIM_Encoder_Init) for [Anonymous Symbol]
    py32f002b_hal_tim.o(.ARM.exidx.text.HAL_TIM_Encoder_MspInit) refers to py32f002b_hal_tim.o(.text.HAL_TIM_Encoder_MspInit) for [Anonymous Symbol]
    py32f002b_hal_tim.o(.text.HAL_TIM_Encoder_DeInit) refers to py32f002b_hal_tim.o(.text.HAL_TIM_Encoder_MspDeInit) for HAL_TIM_Encoder_MspDeInit
    py32f002b_hal_tim.o(.ARM.exidx.text.HAL_TIM_Encoder_DeInit) refers to py32f002b_hal_tim.o(.text.HAL_TIM_Encoder_DeInit) for [Anonymous Symbol]
    py32f002b_hal_tim.o(.ARM.exidx.text.HAL_TIM_Encoder_MspDeInit) refers to py32f002b_hal_tim.o(.text.HAL_TIM_Encoder_MspDeInit) for [Anonymous Symbol]
    py32f002b_hal_tim.o(.ARM.exidx.text.HAL_TIM_Encoder_Start) refers to py32f002b_hal_tim.o(.text.HAL_TIM_Encoder_Start) for [Anonymous Symbol]
    py32f002b_hal_tim.o(.ARM.exidx.text.HAL_TIM_Encoder_Stop) refers to py32f002b_hal_tim.o(.text.HAL_TIM_Encoder_Stop) for [Anonymous Symbol]
    py32f002b_hal_tim.o(.ARM.exidx.text.HAL_TIM_Encoder_Start_IT) refers to py32f002b_hal_tim.o(.text.HAL_TIM_Encoder_Start_IT) for [Anonymous Symbol]
    py32f002b_hal_tim.o(.ARM.exidx.text.HAL_TIM_Encoder_Stop_IT) refers to py32f002b_hal_tim.o(.text.HAL_TIM_Encoder_Stop_IT) for [Anonymous Symbol]
    py32f002b_hal_tim.o(.text.HAL_TIM_IRQHandler) refers to py32f002b_hal_tim.o(.text.HAL_TIM_IC_CaptureCallback) for HAL_TIM_IC_CaptureCallback
    py32f002b_hal_tim.o(.text.HAL_TIM_IRQHandler) refers to py32f002b_hal_tim.o(.text.HAL_TIM_OC_DelayElapsedCallback) for HAL_TIM_OC_DelayElapsedCallback
    py32f002b_hal_tim.o(.text.HAL_TIM_IRQHandler) refers to py32f002b_hal_tim.o(.text.HAL_TIM_PWM_PulseFinishedCallback) for HAL_TIM_PWM_PulseFinishedCallback
    py32f002b_hal_tim.o(.text.HAL_TIM_IRQHandler) refers to py32f002b_hal_tim.o(.text.HAL_TIM_PeriodElapsedCallback) for HAL_TIM_PeriodElapsedCallback
    py32f002b_hal_tim.o(.text.HAL_TIM_IRQHandler) refers to py32f002b_hal_tim_ex.o(.text.HAL_TIMEx_BreakCallback) for HAL_TIMEx_BreakCallback
    py32f002b_hal_tim.o(.text.HAL_TIM_IRQHandler) refers to py32f002b_hal_tim.o(.text.HAL_TIM_TriggerCallback) for HAL_TIM_TriggerCallback
    py32f002b_hal_tim.o(.text.HAL_TIM_IRQHandler) refers to py32f002b_hal_tim_ex.o(.text.HAL_TIMEx_CommutCallback) for HAL_TIMEx_CommutCallback
    py32f002b_hal_tim.o(.ARM.exidx.text.HAL_TIM_IRQHandler) refers to py32f002b_hal_tim.o(.text.HAL_TIM_IRQHandler) for [Anonymous Symbol]
    py32f002b_hal_tim.o(.ARM.exidx.text.HAL_TIM_IC_CaptureCallback) refers to py32f002b_hal_tim.o(.text.HAL_TIM_IC_CaptureCallback) for [Anonymous Symbol]
    py32f002b_hal_tim.o(.ARM.exidx.text.HAL_TIM_OC_DelayElapsedCallback) refers to py32f002b_hal_tim.o(.text.HAL_TIM_OC_DelayElapsedCallback) for [Anonymous Symbol]
    py32f002b_hal_tim.o(.ARM.exidx.text.HAL_TIM_PWM_PulseFinishedCallback) refers to py32f002b_hal_tim.o(.text.HAL_TIM_PWM_PulseFinishedCallback) for [Anonymous Symbol]
    py32f002b_hal_tim.o(.ARM.exidx.text.HAL_TIM_PeriodElapsedCallback) refers to py32f002b_hal_tim.o(.text.HAL_TIM_PeriodElapsedCallback) for [Anonymous Symbol]
    py32f002b_hal_tim.o(.ARM.exidx.text.HAL_TIM_TriggerCallback) refers to py32f002b_hal_tim.o(.text.HAL_TIM_TriggerCallback) for [Anonymous Symbol]
    py32f002b_hal_tim.o(.ARM.exidx.text.HAL_TIM_OC_ConfigChannel) refers to py32f002b_hal_tim.o(.text.HAL_TIM_OC_ConfigChannel) for [Anonymous Symbol]
    py32f002b_hal_tim.o(.ARM.exidx.text.TIM_OC2_SetConfig) refers to py32f002b_hal_tim.o(.text.TIM_OC2_SetConfig) for [Anonymous Symbol]
    py32f002b_hal_tim.o(.ARM.exidx.text.HAL_TIM_IC_ConfigChannel) refers to py32f002b_hal_tim.o(.text.HAL_TIM_IC_ConfigChannel) for [Anonymous Symbol]
    py32f002b_hal_tim.o(.ARM.exidx.text.TIM_TI1_SetConfig) refers to py32f002b_hal_tim.o(.text.TIM_TI1_SetConfig) for [Anonymous Symbol]
    py32f002b_hal_tim.o(.ARM.exidx.text.HAL_TIM_PWM_ConfigChannel) refers to py32f002b_hal_tim.o(.text.HAL_TIM_PWM_ConfigChannel) for [Anonymous Symbol]
    py32f002b_hal_tim.o(.ARM.exidx.text.HAL_TIM_OnePulse_ConfigChannel) refers to py32f002b_hal_tim.o(.text.HAL_TIM_OnePulse_ConfigChannel) for [Anonymous Symbol]
    py32f002b_hal_tim.o(.ARM.exidx.text.HAL_TIM_GenerateEvent) refers to py32f002b_hal_tim.o(.text.HAL_TIM_GenerateEvent) for [Anonymous Symbol]
    py32f002b_hal_tim.o(.ARM.exidx.text.HAL_TIM_ConfigOCrefClear) refers to py32f002b_hal_tim.o(.text.HAL_TIM_ConfigOCrefClear) for [Anonymous Symbol]
    py32f002b_hal_tim.o(.ARM.exidx.text.TIM_ETR_SetConfig) refers to py32f002b_hal_tim.o(.text.TIM_ETR_SetConfig) for [Anonymous Symbol]
    py32f002b_hal_tim.o(.ARM.exidx.text.HAL_TIM_ConfigClockSource) refers to py32f002b_hal_tim.o(.text.HAL_TIM_ConfigClockSource) for [Anonymous Symbol]
    py32f002b_hal_tim.o(.ARM.exidx.text.HAL_TIM_ConfigTI1Input) refers to py32f002b_hal_tim.o(.text.HAL_TIM_ConfigTI1Input) for [Anonymous Symbol]
    py32f002b_hal_tim.o(.text.HAL_TIM_SlaveConfigSynchro) refers to py32f002b_hal_tim.o(.text.TIM_SlaveTimer_SetConfig) for TIM_SlaveTimer_SetConfig
    py32f002b_hal_tim.o(.ARM.exidx.text.HAL_TIM_SlaveConfigSynchro) refers to py32f002b_hal_tim.o(.text.HAL_TIM_SlaveConfigSynchro) for [Anonymous Symbol]
    py32f002b_hal_tim.o(.ARM.exidx.text.TIM_SlaveTimer_SetConfig) refers to py32f002b_hal_tim.o(.text.TIM_SlaveTimer_SetConfig) for [Anonymous Symbol]
    py32f002b_hal_tim.o(.text.HAL_TIM_SlaveConfigSynchro_IT) refers to py32f002b_hal_tim.o(.text.TIM_SlaveTimer_SetConfig) for TIM_SlaveTimer_SetConfig
    py32f002b_hal_tim.o(.ARM.exidx.text.HAL_TIM_SlaveConfigSynchro_IT) refers to py32f002b_hal_tim.o(.text.HAL_TIM_SlaveConfigSynchro_IT) for [Anonymous Symbol]
    py32f002b_hal_tim.o(.ARM.exidx.text.HAL_TIM_ReadCapturedValue) refers to py32f002b_hal_tim.o(.text.HAL_TIM_ReadCapturedValue) for [Anonymous Symbol]
    py32f002b_hal_tim.o(.ARM.exidx.text.HAL_TIM_PeriodElapsedHalfCpltCallback) refers to py32f002b_hal_tim.o(.text.HAL_TIM_PeriodElapsedHalfCpltCallback) for [Anonymous Symbol]
    py32f002b_hal_tim.o(.ARM.exidx.text.HAL_TIM_IC_CaptureHalfCpltCallback) refers to py32f002b_hal_tim.o(.text.HAL_TIM_IC_CaptureHalfCpltCallback) for [Anonymous Symbol]
    py32f002b_hal_tim.o(.ARM.exidx.text.HAL_TIM_PWM_PulseFinishedHalfCpltCallback) refers to py32f002b_hal_tim.o(.text.HAL_TIM_PWM_PulseFinishedHalfCpltCallback) for [Anonymous Symbol]
    py32f002b_hal_tim.o(.ARM.exidx.text.HAL_TIM_TriggerHalfCpltCallback) refers to py32f002b_hal_tim.o(.text.HAL_TIM_TriggerHalfCpltCallback) for [Anonymous Symbol]
    py32f002b_hal_tim.o(.ARM.exidx.text.HAL_TIM_ErrorCallback) refers to py32f002b_hal_tim.o(.text.HAL_TIM_ErrorCallback) for [Anonymous Symbol]
    py32f002b_hal_tim.o(.ARM.exidx.text.HAL_TIM_Base_GetState) refers to py32f002b_hal_tim.o(.text.HAL_TIM_Base_GetState) for [Anonymous Symbol]
    py32f002b_hal_tim.o(.ARM.exidx.text.HAL_TIM_OC_GetState) refers to py32f002b_hal_tim.o(.text.HAL_TIM_OC_GetState) for [Anonymous Symbol]
    py32f002b_hal_tim.o(.ARM.exidx.text.HAL_TIM_PWM_GetState) refers to py32f002b_hal_tim.o(.text.HAL_TIM_PWM_GetState) for [Anonymous Symbol]
    py32f002b_hal_tim.o(.ARM.exidx.text.HAL_TIM_IC_GetState) refers to py32f002b_hal_tim.o(.text.HAL_TIM_IC_GetState) for [Anonymous Symbol]
    py32f002b_hal_tim.o(.ARM.exidx.text.HAL_TIM_OnePulse_GetState) refers to py32f002b_hal_tim.o(.text.HAL_TIM_OnePulse_GetState) for [Anonymous Symbol]
    py32f002b_hal_tim.o(.ARM.exidx.text.HAL_TIM_Encoder_GetState) refers to py32f002b_hal_tim.o(.text.HAL_TIM_Encoder_GetState) for [Anonymous Symbol]
    py32f002b_hal_tim_ex.o(.text.HAL_TIMEx_HallSensor_Init) refers to py32f002b_hal_tim_ex.o(.text.HAL_TIMEx_HallSensor_MspInit) for HAL_TIMEx_HallSensor_MspInit
    py32f002b_hal_tim_ex.o(.text.HAL_TIMEx_HallSensor_Init) refers to py32f002b_hal_tim.o(.text.TIM_Base_SetConfig) for TIM_Base_SetConfig
    py32f002b_hal_tim_ex.o(.text.HAL_TIMEx_HallSensor_Init) refers to py32f002b_hal_tim.o(.text.TIM_TI1_SetConfig) for TIM_TI1_SetConfig
    py32f002b_hal_tim_ex.o(.text.HAL_TIMEx_HallSensor_Init) refers to py32f002b_hal_tim.o(.text.TIM_OC2_SetConfig) for TIM_OC2_SetConfig
    py32f002b_hal_tim_ex.o(.ARM.exidx.text.HAL_TIMEx_HallSensor_Init) refers to py32f002b_hal_tim_ex.o(.text.HAL_TIMEx_HallSensor_Init) for [Anonymous Symbol]
    py32f002b_hal_tim_ex.o(.ARM.exidx.text.HAL_TIMEx_HallSensor_MspInit) refers to py32f002b_hal_tim_ex.o(.text.HAL_TIMEx_HallSensor_MspInit) for [Anonymous Symbol]
    py32f002b_hal_tim_ex.o(.text.HAL_TIMEx_HallSensor_DeInit) refers to py32f002b_hal_tim_ex.o(.text.HAL_TIMEx_HallSensor_MspDeInit) for HAL_TIMEx_HallSensor_MspDeInit
    py32f002b_hal_tim_ex.o(.ARM.exidx.text.HAL_TIMEx_HallSensor_DeInit) refers to py32f002b_hal_tim_ex.o(.text.HAL_TIMEx_HallSensor_DeInit) for [Anonymous Symbol]
    py32f002b_hal_tim_ex.o(.ARM.exidx.text.HAL_TIMEx_HallSensor_MspDeInit) refers to py32f002b_hal_tim_ex.o(.text.HAL_TIMEx_HallSensor_MspDeInit) for [Anonymous Symbol]
    py32f002b_hal_tim_ex.o(.text.HAL_TIMEx_HallSensor_Start) refers to py32f002b_hal_tim.o(.text.TIM_CCxChannelCmd) for TIM_CCxChannelCmd
    py32f002b_hal_tim_ex.o(.ARM.exidx.text.HAL_TIMEx_HallSensor_Start) refers to py32f002b_hal_tim_ex.o(.text.HAL_TIMEx_HallSensor_Start) for [Anonymous Symbol]
    py32f002b_hal_tim_ex.o(.text.HAL_TIMEx_HallSensor_Stop) refers to py32f002b_hal_tim.o(.text.TIM_CCxChannelCmd) for TIM_CCxChannelCmd
    py32f002b_hal_tim_ex.o(.ARM.exidx.text.HAL_TIMEx_HallSensor_Stop) refers to py32f002b_hal_tim_ex.o(.text.HAL_TIMEx_HallSensor_Stop) for [Anonymous Symbol]
    py32f002b_hal_tim_ex.o(.text.HAL_TIMEx_HallSensor_Start_IT) refers to py32f002b_hal_tim.o(.text.TIM_CCxChannelCmd) for TIM_CCxChannelCmd
    py32f002b_hal_tim_ex.o(.ARM.exidx.text.HAL_TIMEx_HallSensor_Start_IT) refers to py32f002b_hal_tim_ex.o(.text.HAL_TIMEx_HallSensor_Start_IT) for [Anonymous Symbol]
    py32f002b_hal_tim_ex.o(.text.HAL_TIMEx_HallSensor_Stop_IT) refers to py32f002b_hal_tim.o(.text.TIM_CCxChannelCmd) for TIM_CCxChannelCmd
    py32f002b_hal_tim_ex.o(.ARM.exidx.text.HAL_TIMEx_HallSensor_Stop_IT) refers to py32f002b_hal_tim_ex.o(.text.HAL_TIMEx_HallSensor_Stop_IT) for [Anonymous Symbol]
    py32f002b_hal_tim_ex.o(.ARM.exidx.text.HAL_TIMEx_OCN_Start) refers to py32f002b_hal_tim_ex.o(.text.HAL_TIMEx_OCN_Start) for [Anonymous Symbol]
    py32f002b_hal_tim_ex.o(.ARM.exidx.text.HAL_TIMEx_OCN_Stop) refers to py32f002b_hal_tim_ex.o(.text.HAL_TIMEx_OCN_Stop) for [Anonymous Symbol]
    py32f002b_hal_tim_ex.o(.ARM.exidx.text.HAL_TIMEx_OCN_Start_IT) refers to py32f002b_hal_tim_ex.o(.text.HAL_TIMEx_OCN_Start_IT) for [Anonymous Symbol]
    py32f002b_hal_tim_ex.o(.ARM.exidx.text.HAL_TIMEx_OCN_Stop_IT) refers to py32f002b_hal_tim_ex.o(.text.HAL_TIMEx_OCN_Stop_IT) for [Anonymous Symbol]
    py32f002b_hal_tim_ex.o(.ARM.exidx.text.HAL_TIMEx_PWMN_Start) refers to py32f002b_hal_tim_ex.o(.text.HAL_TIMEx_PWMN_Start) for [Anonymous Symbol]
    py32f002b_hal_tim_ex.o(.ARM.exidx.text.HAL_TIMEx_PWMN_Stop) refers to py32f002b_hal_tim_ex.o(.text.HAL_TIMEx_PWMN_Stop) for [Anonymous Symbol]
    py32f002b_hal_tim_ex.o(.ARM.exidx.text.HAL_TIMEx_PWMN_Start_IT) refers to py32f002b_hal_tim_ex.o(.text.HAL_TIMEx_PWMN_Start_IT) for [Anonymous Symbol]
    py32f002b_hal_tim_ex.o(.ARM.exidx.text.HAL_TIMEx_PWMN_Stop_IT) refers to py32f002b_hal_tim_ex.o(.text.HAL_TIMEx_PWMN_Stop_IT) for [Anonymous Symbol]
    py32f002b_hal_tim_ex.o(.ARM.exidx.text.HAL_TIMEx_OnePulseN_Start) refers to py32f002b_hal_tim_ex.o(.text.HAL_TIMEx_OnePulseN_Start) for [Anonymous Symbol]
    py32f002b_hal_tim_ex.o(.ARM.exidx.text.HAL_TIMEx_OnePulseN_Stop) refers to py32f002b_hal_tim_ex.o(.text.HAL_TIMEx_OnePulseN_Stop) for [Anonymous Symbol]
    py32f002b_hal_tim_ex.o(.ARM.exidx.text.HAL_TIMEx_OnePulseN_Start_IT) refers to py32f002b_hal_tim_ex.o(.text.HAL_TIMEx_OnePulseN_Start_IT) for [Anonymous Symbol]
    py32f002b_hal_tim_ex.o(.ARM.exidx.text.HAL_TIMEx_OnePulseN_Stop_IT) refers to py32f002b_hal_tim_ex.o(.text.HAL_TIMEx_OnePulseN_Stop_IT) for [Anonymous Symbol]
    py32f002b_hal_tim_ex.o(.ARM.exidx.text.HAL_TIMEx_ConfigCommutEvent) refers to py32f002b_hal_tim_ex.o(.text.HAL_TIMEx_ConfigCommutEvent) for [Anonymous Symbol]
    py32f002b_hal_tim_ex.o(.ARM.exidx.text.HAL_TIMEx_ConfigCommutEvent_IT) refers to py32f002b_hal_tim_ex.o(.text.HAL_TIMEx_ConfigCommutEvent_IT) for [Anonymous Symbol]
    py32f002b_hal_tim_ex.o(.ARM.exidx.text.HAL_TIMEx_MasterConfigSynchronization) refers to py32f002b_hal_tim_ex.o(.text.HAL_TIMEx_MasterConfigSynchronization) for [Anonymous Symbol]
    py32f002b_hal_tim_ex.o(.ARM.exidx.text.HAL_TIMEx_ConfigBreakDeadTime) refers to py32f002b_hal_tim_ex.o(.text.HAL_TIMEx_ConfigBreakDeadTime) for [Anonymous Symbol]
    py32f002b_hal_tim_ex.o(.ARM.exidx.text.HAL_TIMEx_RemapConfig) refers to py32f002b_hal_tim_ex.o(.text.HAL_TIMEx_RemapConfig) for [Anonymous Symbol]
    py32f002b_hal_tim_ex.o(.ARM.exidx.text.HAL_TIMEx_CommutCallback) refers to py32f002b_hal_tim_ex.o(.text.HAL_TIMEx_CommutCallback) for [Anonymous Symbol]
    py32f002b_hal_tim_ex.o(.ARM.exidx.text.HAL_TIMEx_CommutHalfCpltCallback) refers to py32f002b_hal_tim_ex.o(.text.HAL_TIMEx_CommutHalfCpltCallback) for [Anonymous Symbol]
    py32f002b_hal_tim_ex.o(.ARM.exidx.text.HAL_TIMEx_BreakCallback) refers to py32f002b_hal_tim_ex.o(.text.HAL_TIMEx_BreakCallback) for [Anonymous Symbol]
    py32f002b_hal_tim_ex.o(.ARM.exidx.text.HAL_TIMEx_HallSensor_GetState) refers to py32f002b_hal_tim_ex.o(.text.HAL_TIMEx_HallSensor_GetState) for [Anonymous Symbol]
    entry.o(.ARM.Collect$$$$00000000) refers (Special) to entry10a.o(.ARM.Collect$$$$0000000D) for __rt_final_cpp
    entry.o(.ARM.Collect$$$$00000000) refers (Special) to entry11a.o(.ARM.Collect$$$$0000000F) for __rt_final_exit
    entry.o(.ARM.Collect$$$$00000000) refers (Special) to entry7b.o(.ARM.Collect$$$$00000008) for _main_clock
    entry.o(.ARM.Collect$$$$00000000) refers (Special) to entry8b.o(.ARM.Collect$$$$0000000A) for _main_cpp_init
    entry.o(.ARM.Collect$$$$00000000) refers (Special) to entry9a.o(.ARM.Collect$$$$0000000B) for _main_init
    entry.o(.ARM.Collect$$$$00000000) refers (Special) to entry5.o(.ARM.Collect$$$$00000004) for _main_scatterload
    entry.o(.ARM.Collect$$$$00000000) refers (Special) to entry2.o(.ARM.Collect$$$$00000001) for _main_stk
    entry2.o(.ARM.Collect$$$$00000001) refers to entry2.o(.ARM.Collect$$$$00002712) for __lit__00000000
    entry2.o(.ARM.Collect$$$$00002712) refers to startup_py32f002bxx.o(STACK) for __initial_sp
    entry2.o(__vectab_stack_and_reset_area) refers to startup_py32f002bxx.o(STACK) for __initial_sp
    entry2.o(__vectab_stack_and_reset_area) refers to entry.o(.ARM.Collect$$$$00000000) for __main
    entry5.o(.ARM.Collect$$$$00000004) refers to init.o(.text) for __scatterload
    entry9a.o(.ARM.Collect$$$$0000000B) refers to main.o(.text.main) for main
    entry9b.o(.ARM.Collect$$$$0000000C) refers to main.o(.text.main) for main
    idiv_div0.o(.text) refers to uidiv_div0.o(.text) for __aeabi_uidivmod
    init.o(.text) refers to entry5.o(.ARM.Collect$$$$00000004) for __main_after_scatterload


==============================================================================

Removing Unused input sections from the image.

    Removing startup_py32f002bxx.o(HEAP), (0 bytes).
    Removing system_py32f002b.o(.text), (0 bytes).
    Removing system_py32f002b.o(.text.SystemCoreClockUpdate), (100 bytes).
    Removing system_py32f002b.o(.ARM.exidx.text.SystemCoreClockUpdate), (8 bytes).
    Removing system_py32f002b.o(.ARM.exidx.text.SystemInit), (8 bytes).
    Removing system_py32f002b.o(.rodata.APBPrescTable), (32 bytes).
    Removing system_py32f002b.o(.rodata.HSIFreqTable), (32 bytes).
    Removing main.o(.text), (0 bytes).
    Removing main.o(.ARM.exidx.text.main), (8 bytes).
    Removing main.o(.text.APP_ErrorHandler), (2 bytes).
    Removing main.o(.ARM.exidx.text.APP_ErrorHandler), (8 bytes).
    Removing main.o(.ARM.use_no_argv), (4 bytes).
    Removing py32f002b_hal_msp.o(.text), (0 bytes).
    Removing py32f002b_hal_msp.o(.ARM.exidx.text.HAL_MspInit), (8 bytes).
    Removing py32f002b_it.o(.text), (0 bytes).
    Removing py32f002b_it.o(.ARM.exidx.text.NMI_Handler), (8 bytes).
    Removing py32f002b_it.o(.ARM.exidx.text.HardFault_Handler), (8 bytes).
    Removing py32f002b_it.o(.ARM.exidx.text.SVC_Handler), (8 bytes).
    Removing py32f002b_it.o(.ARM.exidx.text.PendSV_Handler), (8 bytes).
    Removing py32f002b_it.o(.ARM.exidx.text.SysTick_Handler), (8 bytes).
    Removing sys.o(.text), (0 bytes).
    Removing sys.o(.ARM.exidx.text.sys_gpio_init), (8 bytes).
    Removing sys.o(.text.sys_init_i2c), (2 bytes).
    Removing sys.o(.ARM.exidx.text.sys_init_i2c), (8 bytes).
    Removing sys.o(.text.sys_init_pwm), (2 bytes).
    Removing sys.o(.ARM.exidx.text.sys_init_pwm), (8 bytes).
    Removing sys.o(.ARM.exidx.text.sys_open_power), (8 bytes).
    Removing sys.o(.text.sys_close_power), (20 bytes).
    Removing sys.o(.ARM.exidx.text.sys_close_power), (8 bytes).
    Removing py32f002b_hal.o(.text), (0 bytes).
    Removing py32f002b_hal.o(.ARM.exidx.text.HAL_Init), (8 bytes).
    Removing py32f002b_hal.o(.ARM.exidx.text.HAL_InitTick), (8 bytes).
    Removing py32f002b_hal.o(.text.HAL_MspInit), (2 bytes).
    Removing py32f002b_hal.o(.ARM.exidx.text.HAL_MspInit), (8 bytes).
    Removing py32f002b_hal.o(.text.HAL_DeInit), (36 bytes).
    Removing py32f002b_hal.o(.ARM.exidx.text.HAL_DeInit), (8 bytes).
    Removing py32f002b_hal.o(.text.HAL_MspDeInit), (2 bytes).
    Removing py32f002b_hal.o(.ARM.exidx.text.HAL_MspDeInit), (8 bytes).
    Removing py32f002b_hal.o(.ARM.exidx.text.HAL_IncTick), (8 bytes).
    Removing py32f002b_hal.o(.ARM.exidx.text.HAL_GetTick), (8 bytes).
    Removing py32f002b_hal.o(.text.HAL_GetTickPrio), (12 bytes).
    Removing py32f002b_hal.o(.ARM.exidx.text.HAL_GetTickPrio), (8 bytes).
    Removing py32f002b_hal.o(.text.HAL_SetTickFreq), (44 bytes).
    Removing py32f002b_hal.o(.ARM.exidx.text.HAL_SetTickFreq), (8 bytes).
    Removing py32f002b_hal.o(.text.HAL_GetTickFreq), (12 bytes).
    Removing py32f002b_hal.o(.ARM.exidx.text.HAL_GetTickFreq), (8 bytes).
    Removing py32f002b_hal.o(.ARM.exidx.text.HAL_Delay), (8 bytes).
    Removing py32f002b_hal.o(.text.HAL_SuspendTick), (16 bytes).
    Removing py32f002b_hal.o(.ARM.exidx.text.HAL_SuspendTick), (8 bytes).
    Removing py32f002b_hal.o(.text.HAL_ResumeTick), (16 bytes).
    Removing py32f002b_hal.o(.ARM.exidx.text.HAL_ResumeTick), (8 bytes).
    Removing py32f002b_hal.o(.text.HAL_GetHalVersion), (6 bytes).
    Removing py32f002b_hal.o(.ARM.exidx.text.HAL_GetHalVersion), (8 bytes).
    Removing py32f002b_hal.o(.text.HAL_GetREVID), (12 bytes).
    Removing py32f002b_hal.o(.ARM.exidx.text.HAL_GetREVID), (8 bytes).
    Removing py32f002b_hal.o(.text.HAL_GetDEVID), (16 bytes).
    Removing py32f002b_hal.o(.ARM.exidx.text.HAL_GetDEVID), (8 bytes).
    Removing py32f002b_hal.o(.text.HAL_GetUIDw0), (12 bytes).
    Removing py32f002b_hal.o(.ARM.exidx.text.HAL_GetUIDw0), (8 bytes).
    Removing py32f002b_hal.o(.text.HAL_GetUIDw1), (12 bytes).
    Removing py32f002b_hal.o(.ARM.exidx.text.HAL_GetUIDw1), (8 bytes).
    Removing py32f002b_hal.o(.text.HAL_GetUIDw2), (12 bytes).
    Removing py32f002b_hal.o(.ARM.exidx.text.HAL_GetUIDw2), (8 bytes).
    Removing py32f002b_hal.o(.text.HAL_DBGMCU_EnableDBGMCUStopMode), (16 bytes).
    Removing py32f002b_hal.o(.ARM.exidx.text.HAL_DBGMCU_EnableDBGMCUStopMode), (8 bytes).
    Removing py32f002b_hal.o(.text.HAL_DBGMCU_DisableDBGMCUStopMode), (16 bytes).
    Removing py32f002b_hal.o(.ARM.exidx.text.HAL_DBGMCU_DisableDBGMCUStopMode), (8 bytes).
    Removing py32f002b_hal.o(.text.HAL_SYSCFG_SetRemapMemory), (20 bytes).
    Removing py32f002b_hal.o(.ARM.exidx.text.HAL_SYSCFG_SetRemapMemory), (8 bytes).
    Removing py32f002b_hal.o(.text.HAL_SYSCFG_GetRemapMemory), (16 bytes).
    Removing py32f002b_hal.o(.ARM.exidx.text.HAL_SYSCFG_GetRemapMemory), (8 bytes).
    Removing py32f002b_hal.o(.text.HAL_SYSCFG_SetTIM1CH1Source), (20 bytes).
    Removing py32f002b_hal.o(.ARM.exidx.text.HAL_SYSCFG_SetTIM1CH1Source), (8 bytes).
    Removing py32f002b_hal.o(.text.HAL_SYSCFG_GetTIM1CH1Source), (16 bytes).
    Removing py32f002b_hal.o(.ARM.exidx.text.HAL_SYSCFG_GetTIM1CH1Source), (8 bytes).
    Removing py32f002b_hal.o(.text.HAL_SYSCFG_EnableI2CFastModePlus), (16 bytes).
    Removing py32f002b_hal.o(.ARM.exidx.text.HAL_SYSCFG_EnableI2CFastModePlus), (8 bytes).
    Removing py32f002b_hal.o(.text.HAL_SYSCFG_DisableI2CFastModePlus), (16 bytes).
    Removing py32f002b_hal.o(.ARM.exidx.text.HAL_SYSCFG_DisableI2CFastModePlus), (8 bytes).
    Removing py32f002b_hal.o(.text.HAL_SYSCFG_TIM1ETRSource), (20 bytes).
    Removing py32f002b_hal.o(.ARM.exidx.text.HAL_SYSCFG_TIM1ETRSource), (8 bytes).
    Removing py32f002b_hal.o(.text.HAL_SYSCFG_EnableGPIONoiseFilter), (52 bytes).
    Removing py32f002b_hal.o(.ARM.exidx.text.HAL_SYSCFG_EnableGPIONoiseFilter), (8 bytes).
    Removing py32f002b_hal.o(.text.HAL_SYSCFG_DisableGPIONoiseFilter), (52 bytes).
    Removing py32f002b_hal.o(.ARM.exidx.text.HAL_SYSCFG_DisableGPIONoiseFilter), (8 bytes).
    Removing py32f002b_hal_cortex.o(.text), (0 bytes).
    Removing py32f002b_hal_cortex.o(.ARM.exidx.text.HAL_NVIC_SetPriority), (8 bytes).
    Removing py32f002b_hal_cortex.o(.text.HAL_NVIC_EnableIRQ), (20 bytes).
    Removing py32f002b_hal_cortex.o(.ARM.exidx.text.HAL_NVIC_EnableIRQ), (8 bytes).
    Removing py32f002b_hal_cortex.o(.text.HAL_NVIC_DisableIRQ), (20 bytes).
    Removing py32f002b_hal_cortex.o(.ARM.exidx.text.HAL_NVIC_DisableIRQ), (8 bytes).
    Removing py32f002b_hal_cortex.o(.text.HAL_NVIC_SystemReset), (28 bytes).
    Removing py32f002b_hal_cortex.o(.ARM.exidx.text.HAL_NVIC_SystemReset), (8 bytes).
    Removing py32f002b_hal_cortex.o(.ARM.exidx.text.HAL_SYSTICK_Config), (8 bytes).
    Removing py32f002b_hal_cortex.o(.text.HAL_NVIC_GetPriority), (48 bytes).
    Removing py32f002b_hal_cortex.o(.ARM.exidx.text.HAL_NVIC_GetPriority), (8 bytes).
    Removing py32f002b_hal_cortex.o(.text.HAL_NVIC_SetPendingIRQ), (20 bytes).
    Removing py32f002b_hal_cortex.o(.ARM.exidx.text.HAL_NVIC_SetPendingIRQ), (8 bytes).
    Removing py32f002b_hal_cortex.o(.text.HAL_NVIC_GetPendingIRQ), (20 bytes).
    Removing py32f002b_hal_cortex.o(.ARM.exidx.text.HAL_NVIC_GetPendingIRQ), (8 bytes).
    Removing py32f002b_hal_cortex.o(.text.HAL_NVIC_ClearPendingIRQ), (20 bytes).
    Removing py32f002b_hal_cortex.o(.ARM.exidx.text.HAL_NVIC_ClearPendingIRQ), (8 bytes).
    Removing py32f002b_hal_cortex.o(.text.HAL_SYSTICK_CLKSourceConfig), (28 bytes).
    Removing py32f002b_hal_cortex.o(.ARM.exidx.text.HAL_SYSTICK_CLKSourceConfig), (8 bytes).
    Removing py32f002b_hal_cortex.o(.text.HAL_SYSTICK_IRQHandler), (8 bytes).
    Removing py32f002b_hal_cortex.o(.ARM.exidx.text.HAL_SYSTICK_IRQHandler), (8 bytes).
    Removing py32f002b_hal_cortex.o(.text.HAL_SYSTICK_Callback), (2 bytes).
    Removing py32f002b_hal_cortex.o(.ARM.exidx.text.HAL_SYSTICK_Callback), (8 bytes).
    Removing py32f002b_hal_exti.o(.text), (0 bytes).
    Removing py32f002b_hal_exti.o(.text.HAL_EXTI_SetConfigLine), (152 bytes).
    Removing py32f002b_hal_exti.o(.ARM.exidx.text.HAL_EXTI_SetConfigLine), (8 bytes).
    Removing py32f002b_hal_exti.o(.text.HAL_EXTI_GetConfigLine), (136 bytes).
    Removing py32f002b_hal_exti.o(.ARM.exidx.text.HAL_EXTI_GetConfigLine), (8 bytes).
    Removing py32f002b_hal_exti.o(.text.HAL_EXTI_ClearConfigLine), (96 bytes).
    Removing py32f002b_hal_exti.o(.ARM.exidx.text.HAL_EXTI_ClearConfigLine), (8 bytes).
    Removing py32f002b_hal_exti.o(.text.HAL_EXTI_RegisterCallback), (14 bytes).
    Removing py32f002b_hal_exti.o(.ARM.exidx.text.HAL_EXTI_RegisterCallback), (8 bytes).
    Removing py32f002b_hal_exti.o(.text.HAL_EXTI_GetHandle), (14 bytes).
    Removing py32f002b_hal_exti.o(.ARM.exidx.text.HAL_EXTI_GetHandle), (8 bytes).
    Removing py32f002b_hal_exti.o(.text.HAL_EXTI_IRQHandler), (36 bytes).
    Removing py32f002b_hal_exti.o(.ARM.exidx.text.HAL_EXTI_IRQHandler), (8 bytes).
    Removing py32f002b_hal_exti.o(.text.HAL_EXTI_GetPending), (24 bytes).
    Removing py32f002b_hal_exti.o(.ARM.exidx.text.HAL_EXTI_GetPending), (8 bytes).
    Removing py32f002b_hal_exti.o(.text.HAL_EXTI_ClearPending), (20 bytes).
    Removing py32f002b_hal_exti.o(.ARM.exidx.text.HAL_EXTI_ClearPending), (8 bytes).
    Removing py32f002b_hal_exti.o(.text.HAL_EXTI_GenerateSWI), (20 bytes).
    Removing py32f002b_hal_exti.o(.ARM.exidx.text.HAL_EXTI_GenerateSWI), (8 bytes).
    Removing py32f002b_hal_flash.o(.text), (0 bytes).
    Removing py32f002b_hal_flash.o(.text.HAL_FLASH_Unlock), (40 bytes).
    Removing py32f002b_hal_flash.o(.ARM.exidx.text.HAL_FLASH_Unlock), (8 bytes).
    Removing py32f002b_hal_flash.o(.text.HAL_FLASH_Lock), (24 bytes).
    Removing py32f002b_hal_flash.o(.ARM.exidx.text.HAL_FLASH_Lock), (8 bytes).
    Removing py32f002b_hal_flash.o(.text.HAL_FLASH_OB_Unlock), (40 bytes).
    Removing py32f002b_hal_flash.o(.ARM.exidx.text.HAL_FLASH_OB_Unlock), (8 bytes).
    Removing py32f002b_hal_flash.o(.text.HAL_FLASH_OB_Lock), (28 bytes).
    Removing py32f002b_hal_flash.o(.ARM.exidx.text.HAL_FLASH_OB_Lock), (8 bytes).
    Removing py32f002b_hal_flash.o(.text.HAL_FLASH_OB_Launch), (20 bytes).
    Removing py32f002b_hal_flash.o(.ARM.exidx.text.HAL_FLASH_OB_Launch), (8 bytes).
    Removing py32f002b_hal_flash.o(.text.HAL_FLASH_GetError), (12 bytes).
    Removing py32f002b_hal_flash.o(.ARM.exidx.text.HAL_FLASH_GetError), (8 bytes).
    Removing py32f002b_hal_flash.o(.text.FLASH_WaitForLastOperation), (48 bytes).
    Removing py32f002b_hal_flash.o(.ARM.exidx.text.FLASH_WaitForLastOperation), (8 bytes).
    Removing py32f002b_hal_flash.o(.text.HAL_FLASH_Erase), (720 bytes).
    Removing py32f002b_hal_flash.o(.ARM.exidx.text.HAL_FLASH_Erase), (8 bytes).
    Removing py32f002b_hal_flash.o(.text.HAL_FLASH_Erase_IT), (428 bytes).
    Removing py32f002b_hal_flash.o(.ARM.exidx.text.HAL_FLASH_Erase_IT), (8 bytes).
    Removing py32f002b_hal_flash.o(.text.HAL_FLASH_PageProgram), (12 bytes).
    Removing py32f002b_hal_flash.o(.ARM.exidx.text.HAL_FLASH_PageProgram), (8 bytes).
    Removing py32f002b_hal_flash.o(.text.HAL_FLASH_Program), (464 bytes).
    Removing py32f002b_hal_flash.o(.ARM.exidx.text.HAL_FLASH_Program), (8 bytes).
    Removing py32f002b_hal_flash.o(.text.HAL_FLASH_PageProgram_IT), (14 bytes).
    Removing py32f002b_hal_flash.o(.ARM.exidx.text.HAL_FLASH_PageProgram_IT), (8 bytes).
    Removing py32f002b_hal_flash.o(.text.HAL_FLASH_Program_IT), (408 bytes).
    Removing py32f002b_hal_flash.o(.ARM.exidx.text.HAL_FLASH_Program_IT), (8 bytes).
    Removing py32f002b_hal_flash.o(.text.HAL_FLASH_OBProgram), (408 bytes).
    Removing py32f002b_hal_flash.o(.ARM.exidx.text.HAL_FLASH_OBProgram), (8 bytes).
    Removing py32f002b_hal_flash.o(.text.HAL_FLASH_OBBOOTProgram), (356 bytes).
    Removing py32f002b_hal_flash.o(.ARM.exidx.text.HAL_FLASH_OBBOOTProgram), (8 bytes).
    Removing py32f002b_hal_flash.o(.text.HAL_FLASH_OBBOOTGetConfig), (28 bytes).
    Removing py32f002b_hal_flash.o(.ARM.exidx.text.HAL_FLASH_OBBOOTGetConfig), (8 bytes).
    Removing py32f002b_hal_flash.o(.text.HAL_FLASH_OBGetConfig), (56 bytes).
    Removing py32f002b_hal_flash.o(.ARM.exidx.text.HAL_FLASH_OBGetConfig), (8 bytes).
    Removing py32f002b_hal_flash.o(.text.HAL_FLASH_IRQHandler), (212 bytes).
    Removing py32f002b_hal_flash.o(.ARM.exidx.text.HAL_FLASH_IRQHandler), (8 bytes).
    Removing py32f002b_hal_flash.o(.text.HAL_FLASH_OperationErrorCallback), (2 bytes).
    Removing py32f002b_hal_flash.o(.ARM.exidx.text.HAL_FLASH_OperationErrorCallback), (8 bytes).
    Removing py32f002b_hal_flash.o(.text.HAL_FLASH_EndOfOperationCallback), (2 bytes).
    Removing py32f002b_hal_flash.o(.ARM.exidx.text.HAL_FLASH_EndOfOperationCallback), (8 bytes).
    Removing py32f002b_hal_flash.o(.bss.pFlash), (24 bytes).
    Removing py32f002b_hal_flash.o(.rodata._FlashTimmingParam), (32 bytes).
    Removing py32f002b_hal_gpio.o(.text), (0 bytes).
    Removing py32f002b_hal_gpio.o(.ARM.exidx.text.HAL_GPIO_Init), (8 bytes).
    Removing py32f002b_hal_gpio.o(.text.HAL_GPIO_DeInit), (236 bytes).
    Removing py32f002b_hal_gpio.o(.ARM.exidx.text.HAL_GPIO_DeInit), (8 bytes).
    Removing py32f002b_hal_gpio.o(.text.HAL_GPIO_ReadPin), (10 bytes).
    Removing py32f002b_hal_gpio.o(.ARM.exidx.text.HAL_GPIO_ReadPin), (8 bytes).
    Removing py32f002b_hal_gpio.o(.ARM.exidx.text.HAL_GPIO_WritePin), (8 bytes).
    Removing py32f002b_hal_gpio.o(.text.HAL_GPIO_TogglePin), (18 bytes).
    Removing py32f002b_hal_gpio.o(.ARM.exidx.text.HAL_GPIO_TogglePin), (8 bytes).
    Removing py32f002b_hal_gpio.o(.text.HAL_GPIO_LockPin), (40 bytes).
    Removing py32f002b_hal_gpio.o(.ARM.exidx.text.HAL_GPIO_LockPin), (8 bytes).
    Removing py32f002b_hal_gpio.o(.text.HAL_GPIO_EXTI_Callback), (2 bytes).
    Removing py32f002b_hal_gpio.o(.ARM.exidx.text.HAL_GPIO_EXTI_Callback), (8 bytes).
    Removing py32f002b_hal_gpio.o(.text.HAL_GPIO_EXTI_IRQHandler), (24 bytes).
    Removing py32f002b_hal_gpio.o(.ARM.exidx.text.HAL_GPIO_EXTI_IRQHandler), (8 bytes).
    Removing py32f002b_hal_i2c.o(.text), (0 bytes).
    Removing py32f002b_hal_i2c.o(.text.HAL_I2C_Init), (352 bytes).
    Removing py32f002b_hal_i2c.o(.ARM.exidx.text.HAL_I2C_Init), (8 bytes).
    Removing py32f002b_hal_i2c.o(.text.HAL_I2C_MspInit), (2 bytes).
    Removing py32f002b_hal_i2c.o(.ARM.exidx.text.HAL_I2C_MspInit), (8 bytes).
    Removing py32f002b_hal_i2c.o(.text.HAL_I2C_DeInit), (50 bytes).
    Removing py32f002b_hal_i2c.o(.ARM.exidx.text.HAL_I2C_DeInit), (8 bytes).
    Removing py32f002b_hal_i2c.o(.text.HAL_I2C_MspDeInit), (2 bytes).
    Removing py32f002b_hal_i2c.o(.ARM.exidx.text.HAL_I2C_MspDeInit), (8 bytes).
    Removing py32f002b_hal_i2c.o(.text.HAL_I2C_Master_Transmit), (684 bytes).
    Removing py32f002b_hal_i2c.o(.ARM.exidx.text.HAL_I2C_Master_Transmit), (8 bytes).
    Removing py32f002b_hal_i2c.o(.text.I2C_WaitOnBTFFlagUntilTimeout), (108 bytes).
    Removing py32f002b_hal_i2c.o(.ARM.exidx.text.I2C_WaitOnBTFFlagUntilTimeout), (8 bytes).
    Removing py32f002b_hal_i2c.o(.text.HAL_I2C_Master_Receive), (1152 bytes).
    Removing py32f002b_hal_i2c.o(.ARM.exidx.text.HAL_I2C_Master_Receive), (8 bytes).
    Removing py32f002b_hal_i2c.o(.text.HAL_I2C_Slave_Transmit), (512 bytes).
    Removing py32f002b_hal_i2c.o(.ARM.exidx.text.HAL_I2C_Slave_Transmit), (8 bytes).
    Removing py32f002b_hal_i2c.o(.text.HAL_I2C_Slave_Receive), (524 bytes).
    Removing py32f002b_hal_i2c.o(.ARM.exidx.text.HAL_I2C_Slave_Receive), (8 bytes).
    Removing py32f002b_hal_i2c.o(.text.HAL_I2C_Master_Transmit_IT), (188 bytes).
    Removing py32f002b_hal_i2c.o(.ARM.exidx.text.HAL_I2C_Master_Transmit_IT), (8 bytes).
    Removing py32f002b_hal_i2c.o(.text.HAL_I2C_Master_Receive_IT), (196 bytes).
    Removing py32f002b_hal_i2c.o(.ARM.exidx.text.HAL_I2C_Master_Receive_IT), (8 bytes).
    Removing py32f002b_hal_i2c.o(.text.HAL_I2C_Slave_Transmit_IT), (116 bytes).
    Removing py32f002b_hal_i2c.o(.ARM.exidx.text.HAL_I2C_Slave_Transmit_IT), (8 bytes).
    Removing py32f002b_hal_i2c.o(.text.HAL_I2C_Slave_Receive_IT), (116 bytes).
    Removing py32f002b_hal_i2c.o(.ARM.exidx.text.HAL_I2C_Slave_Receive_IT), (8 bytes).
    Removing py32f002b_hal_i2c.o(.text.HAL_I2C_Mem_Write), (796 bytes).
    Removing py32f002b_hal_i2c.o(.ARM.exidx.text.HAL_I2C_Mem_Write), (8 bytes).
    Removing py32f002b_hal_i2c.o(.text.HAL_I2C_Mem_Read), (1552 bytes).
    Removing py32f002b_hal_i2c.o(.ARM.exidx.text.HAL_I2C_Mem_Read), (8 bytes).
    Removing py32f002b_hal_i2c.o(.text.HAL_I2C_Mem_Write_IT), (204 bytes).
    Removing py32f002b_hal_i2c.o(.ARM.exidx.text.HAL_I2C_Mem_Write_IT), (8 bytes).
    Removing py32f002b_hal_i2c.o(.text.HAL_I2C_Mem_Read_IT), (216 bytes).
    Removing py32f002b_hal_i2c.o(.ARM.exidx.text.HAL_I2C_Mem_Read_IT), (8 bytes).
    Removing py32f002b_hal_i2c.o(.text.HAL_I2C_IsDeviceReady), (500 bytes).
    Removing py32f002b_hal_i2c.o(.ARM.exidx.text.HAL_I2C_IsDeviceReady), (8 bytes).
    Removing py32f002b_hal_i2c.o(.text.HAL_I2C_Master_Seq_Transmit_IT), (236 bytes).
    Removing py32f002b_hal_i2c.o(.ARM.exidx.text.HAL_I2C_Master_Seq_Transmit_IT), (8 bytes).
    Removing py32f002b_hal_i2c.o(.text.HAL_I2C_Master_Seq_Receive_IT), (288 bytes).
    Removing py32f002b_hal_i2c.o(.ARM.exidx.text.HAL_I2C_Master_Seq_Receive_IT), (8 bytes).
    Removing py32f002b_hal_i2c.o(.text.HAL_I2C_Slave_Seq_Transmit_IT), (120 bytes).
    Removing py32f002b_hal_i2c.o(.ARM.exidx.text.HAL_I2C_Slave_Seq_Transmit_IT), (8 bytes).
    Removing py32f002b_hal_i2c.o(.text.HAL_I2C_Slave_Seq_Receive_IT), (120 bytes).
    Removing py32f002b_hal_i2c.o(.ARM.exidx.text.HAL_I2C_Slave_Seq_Receive_IT), (8 bytes).
    Removing py32f002b_hal_i2c.o(.text.HAL_I2C_EnableListen_IT), (60 bytes).
    Removing py32f002b_hal_i2c.o(.ARM.exidx.text.HAL_I2C_EnableListen_IT), (8 bytes).
    Removing py32f002b_hal_i2c.o(.text.HAL_I2C_DisableListen_IT), (64 bytes).
    Removing py32f002b_hal_i2c.o(.ARM.exidx.text.HAL_I2C_DisableListen_IT), (8 bytes).
    Removing py32f002b_hal_i2c.o(.text.HAL_I2C_Master_Abort_IT), (76 bytes).
    Removing py32f002b_hal_i2c.o(.ARM.exidx.text.HAL_I2C_Master_Abort_IT), (8 bytes).
    Removing py32f002b_hal_i2c.o(.text.I2C_ITError), (196 bytes).
    Removing py32f002b_hal_i2c.o(.ARM.exidx.text.I2C_ITError), (8 bytes).
    Removing py32f002b_hal_i2c.o(.text.HAL_I2C_EV_IRQHandler), (1228 bytes).
    Removing py32f002b_hal_i2c.o(.ARM.exidx.text.HAL_I2C_EV_IRQHandler), (8 bytes).
    Removing py32f002b_hal_i2c.o(.text.I2C_MasterTransmit_TXE), (272 bytes).
    Removing py32f002b_hal_i2c.o(.ARM.exidx.text.I2C_MasterTransmit_TXE), (8 bytes).
    Removing py32f002b_hal_i2c.o(.text.I2C_MasterTransmit_BTF), (136 bytes).
    Removing py32f002b_hal_i2c.o(.ARM.exidx.text.I2C_MasterTransmit_BTF), (8 bytes).
    Removing py32f002b_hal_i2c.o(.text.I2C_MasterReceive_RXNE), (142 bytes).
    Removing py32f002b_hal_i2c.o(.ARM.exidx.text.I2C_MasterReceive_RXNE), (8 bytes).
    Removing py32f002b_hal_i2c.o(.text.I2C_MasterReceive_BTF), (244 bytes).
    Removing py32f002b_hal_i2c.o(.ARM.exidx.text.I2C_MasterReceive_BTF), (8 bytes).
    Removing py32f002b_hal_i2c.o(.text.HAL_I2C_ER_IRQHandler), (368 bytes).
    Removing py32f002b_hal_i2c.o(.ARM.exidx.text.HAL_I2C_ER_IRQHandler), (8 bytes).
    Removing py32f002b_hal_i2c.o(.text.HAL_I2C_MasterTxCpltCallback), (2 bytes).
    Removing py32f002b_hal_i2c.o(.ARM.exidx.text.HAL_I2C_MasterTxCpltCallback), (8 bytes).
    Removing py32f002b_hal_i2c.o(.text.HAL_I2C_MasterRxCpltCallback), (2 bytes).
    Removing py32f002b_hal_i2c.o(.ARM.exidx.text.HAL_I2C_MasterRxCpltCallback), (8 bytes).
    Removing py32f002b_hal_i2c.o(.text.HAL_I2C_SlaveTxCpltCallback), (2 bytes).
    Removing py32f002b_hal_i2c.o(.ARM.exidx.text.HAL_I2C_SlaveTxCpltCallback), (8 bytes).
    Removing py32f002b_hal_i2c.o(.text.HAL_I2C_SlaveRxCpltCallback), (2 bytes).
    Removing py32f002b_hal_i2c.o(.ARM.exidx.text.HAL_I2C_SlaveRxCpltCallback), (8 bytes).
    Removing py32f002b_hal_i2c.o(.text.HAL_I2C_AddrCallback), (2 bytes).
    Removing py32f002b_hal_i2c.o(.ARM.exidx.text.HAL_I2C_AddrCallback), (8 bytes).
    Removing py32f002b_hal_i2c.o(.text.HAL_I2C_ListenCpltCallback), (2 bytes).
    Removing py32f002b_hal_i2c.o(.ARM.exidx.text.HAL_I2C_ListenCpltCallback), (8 bytes).
    Removing py32f002b_hal_i2c.o(.text.HAL_I2C_MemTxCpltCallback), (2 bytes).
    Removing py32f002b_hal_i2c.o(.ARM.exidx.text.HAL_I2C_MemTxCpltCallback), (8 bytes).
    Removing py32f002b_hal_i2c.o(.text.HAL_I2C_MemRxCpltCallback), (2 bytes).
    Removing py32f002b_hal_i2c.o(.ARM.exidx.text.HAL_I2C_MemRxCpltCallback), (8 bytes).
    Removing py32f002b_hal_i2c.o(.text.HAL_I2C_ErrorCallback), (2 bytes).
    Removing py32f002b_hal_i2c.o(.ARM.exidx.text.HAL_I2C_ErrorCallback), (8 bytes).
    Removing py32f002b_hal_i2c.o(.text.HAL_I2C_AbortCpltCallback), (2 bytes).
    Removing py32f002b_hal_i2c.o(.ARM.exidx.text.HAL_I2C_AbortCpltCallback), (8 bytes).
    Removing py32f002b_hal_i2c.o(.text.HAL_I2C_GetState), (6 bytes).
    Removing py32f002b_hal_i2c.o(.ARM.exidx.text.HAL_I2C_GetState), (8 bytes).
    Removing py32f002b_hal_i2c.o(.text.HAL_I2C_GetMode), (6 bytes).
    Removing py32f002b_hal_i2c.o(.ARM.exidx.text.HAL_I2C_GetMode), (8 bytes).
    Removing py32f002b_hal_i2c.o(.text.HAL_I2C_GetError), (4 bytes).
    Removing py32f002b_hal_i2c.o(.ARM.exidx.text.HAL_I2C_GetError), (8 bytes).
    Removing py32f002b_hal_i2c.o(.text.I2C_WaitOnMasterAddressFlagUntilTimeout), (152 bytes).
    Removing py32f002b_hal_i2c.o(.ARM.exidx.text.I2C_WaitOnMasterAddressFlagUntilTimeout), (8 bytes).
    Removing py32f002b_hal_pwr.o(.text), (0 bytes).
    Removing py32f002b_hal_pwr.o(.text.HAL_PWR_DeInit), (24 bytes).
    Removing py32f002b_hal_pwr.o(.ARM.exidx.text.HAL_PWR_DeInit), (8 bytes).
    Removing py32f002b_hal_pwr.o(.text.HAL_PWR_ConfigStopMode), (36 bytes).
    Removing py32f002b_hal_pwr.o(.ARM.exidx.text.HAL_PWR_ConfigStopMode), (8 bytes).
    Removing py32f002b_hal_pwr.o(.text.HAL_PWR_ConfigBIAS), (40 bytes).
    Removing py32f002b_hal_pwr.o(.ARM.exidx.text.HAL_PWR_ConfigBIAS), (8 bytes).
    Removing py32f002b_hal_pwr.o(.text.HAL_PWR_EnterSLEEPMode), (32 bytes).
    Removing py32f002b_hal_pwr.o(.ARM.exidx.text.HAL_PWR_EnterSLEEPMode), (8 bytes).
    Removing py32f002b_hal_pwr.o(.text.HAL_PWR_EnterSTOPMode), (56 bytes).
    Removing py32f002b_hal_pwr.o(.ARM.exidx.text.HAL_PWR_EnterSTOPMode), (8 bytes).
    Removing py32f002b_hal_pwr.o(.text.HAL_PWR_EnableSleepOnExit), (16 bytes).
    Removing py32f002b_hal_pwr.o(.ARM.exidx.text.HAL_PWR_EnableSleepOnExit), (8 bytes).
    Removing py32f002b_hal_pwr.o(.text.HAL_PWR_DisableSleepOnExit), (16 bytes).
    Removing py32f002b_hal_pwr.o(.ARM.exidx.text.HAL_PWR_DisableSleepOnExit), (8 bytes).
    Removing py32f002b_hal_pwr.o(.text.HAL_PWR_EnableSEVOnPend), (16 bytes).
    Removing py32f002b_hal_pwr.o(.ARM.exidx.text.HAL_PWR_EnableSEVOnPend), (8 bytes).
    Removing py32f002b_hal_pwr.o(.text.HAL_PWR_DisableSEVOnPend), (16 bytes).
    Removing py32f002b_hal_pwr.o(.ARM.exidx.text.HAL_PWR_DisableSEVOnPend), (8 bytes).
    Removing py32f002b_hal_rcc.o(.text), (0 bytes).
    Removing py32f002b_hal_rcc.o(.text.HAL_RCC_DeInit), (140 bytes).
    Removing py32f002b_hal_rcc.o(.ARM.exidx.text.HAL_RCC_DeInit), (8 bytes).
    Removing py32f002b_hal_rcc.o(.ARM.exidx.text.HAL_RCC_OscConfig), (8 bytes).
    Removing py32f002b_hal_rcc.o(.text.HAL_RCC_GetSysClockFreq), (132 bytes).
    Removing py32f002b_hal_rcc.o(.ARM.exidx.text.HAL_RCC_GetSysClockFreq), (8 bytes).
    Removing py32f002b_hal_rcc.o(.ARM.exidx.text.HAL_RCC_ClockConfig), (8 bytes).
    Removing py32f002b_hal_rcc.o(.text.HAL_RCC_MCOConfig), (108 bytes).
    Removing py32f002b_hal_rcc.o(.ARM.exidx.text.HAL_RCC_MCOConfig), (8 bytes).
    Removing py32f002b_hal_rcc.o(.text.HAL_RCC_GetHCLKFreq), (12 bytes).
    Removing py32f002b_hal_rcc.o(.ARM.exidx.text.HAL_RCC_GetHCLKFreq), (8 bytes).
    Removing py32f002b_hal_rcc.o(.text.HAL_RCC_GetPCLK1Freq), (40 bytes).
    Removing py32f002b_hal_rcc.o(.ARM.exidx.text.HAL_RCC_GetPCLK1Freq), (8 bytes).
    Removing py32f002b_hal_rcc.o(.text.HAL_RCC_GetOscConfig), (96 bytes).
    Removing py32f002b_hal_rcc.o(.ARM.exidx.text.HAL_RCC_GetOscConfig), (8 bytes).
    Removing py32f002b_hal_rcc.o(.text.HAL_RCC_GetClockConfig), (52 bytes).
    Removing py32f002b_hal_rcc.o(.ARM.exidx.text.HAL_RCC_GetClockConfig), (8 bytes).
    Removing py32f002b_hal_rcc.o(.text.HAL_RCC_EnableLSECSS), (16 bytes).
    Removing py32f002b_hal_rcc.o(.ARM.exidx.text.HAL_RCC_EnableLSECSS), (8 bytes).
    Removing py32f002b_hal_rcc.o(.text.HAL_RCC_DisableLSECSS), (16 bytes).
    Removing py32f002b_hal_rcc.o(.ARM.exidx.text.HAL_RCC_DisableLSECSS), (8 bytes).
    Removing py32f002b_hal_rcc.o(.text.HAL_RCC_NMI_IRQHandler), (28 bytes).
    Removing py32f002b_hal_rcc.o(.ARM.exidx.text.HAL_RCC_NMI_IRQHandler), (8 bytes).
    Removing py32f002b_hal_rcc.o(.text.HAL_RCC_LSECSSCallback), (2 bytes).
    Removing py32f002b_hal_rcc.o(.ARM.exidx.text.HAL_RCC_LSECSSCallback), (8 bytes).
    Removing py32f002b_hal_rcc.o(.text.HAL_RCC_CSSCallback), (2 bytes).
    Removing py32f002b_hal_rcc.o(.ARM.exidx.text.HAL_RCC_CSSCallback), (8 bytes).
    Removing py32f002b_hal_rcc_ex.o(.text), (0 bytes).
    Removing py32f002b_hal_rcc_ex.o(.text.HAL_RCCEx_PeriphCLKConfig), (124 bytes).
    Removing py32f002b_hal_rcc_ex.o(.ARM.exidx.text.HAL_RCCEx_PeriphCLKConfig), (8 bytes).
    Removing py32f002b_hal_rcc_ex.o(.text.HAL_RCCEx_GetPeriphCLKConfig), (48 bytes).
    Removing py32f002b_hal_rcc_ex.o(.ARM.exidx.text.HAL_RCCEx_GetPeriphCLKConfig), (8 bytes).
    Removing py32f002b_hal_rcc_ex.o(.text.HAL_RCCEx_GetPeriphCLKFreq), (228 bytes).
    Removing py32f002b_hal_rcc_ex.o(.ARM.exidx.text.HAL_RCCEx_GetPeriphCLKFreq), (8 bytes).
    Removing py32f002b_hal_rcc_ex.o(.text.HAL_RCCEx_EnableLSCO), (28 bytes).
    Removing py32f002b_hal_rcc_ex.o(.ARM.exidx.text.HAL_RCCEx_EnableLSCO), (8 bytes).
    Removing py32f002b_hal_rcc_ex.o(.text.HAL_RCCEx_DisableLSCO), (20 bytes).
    Removing py32f002b_hal_rcc_ex.o(.ARM.exidx.text.HAL_RCCEx_DisableLSCO), (8 bytes).
    Removing py32f002b_hal_tim.o(.text), (0 bytes).
    Removing py32f002b_hal_tim.o(.text.HAL_TIM_Base_Init), (132 bytes).
    Removing py32f002b_hal_tim.o(.ARM.exidx.text.HAL_TIM_Base_Init), (8 bytes).
    Removing py32f002b_hal_tim.o(.text.HAL_TIM_Base_MspInit), (2 bytes).
    Removing py32f002b_hal_tim.o(.ARM.exidx.text.HAL_TIM_Base_MspInit), (8 bytes).
    Removing py32f002b_hal_tim.o(.text.TIM_Base_SetConfig), (96 bytes).
    Removing py32f002b_hal_tim.o(.ARM.exidx.text.TIM_Base_SetConfig), (8 bytes).
    Removing py32f002b_hal_tim.o(.text.HAL_TIM_Base_DeInit), (56 bytes).
    Removing py32f002b_hal_tim.o(.ARM.exidx.text.HAL_TIM_Base_DeInit), (8 bytes).
    Removing py32f002b_hal_tim.o(.text.HAL_TIM_Base_MspDeInit), (2 bytes).
    Removing py32f002b_hal_tim.o(.ARM.exidx.text.HAL_TIM_Base_MspDeInit), (8 bytes).
    Removing py32f002b_hal_tim.o(.text.HAL_TIM_Base_Start), (32 bytes).
    Removing py32f002b_hal_tim.o(.ARM.exidx.text.HAL_TIM_Base_Start), (8 bytes).
    Removing py32f002b_hal_tim.o(.text.HAL_TIM_Base_Stop), (48 bytes).
    Removing py32f002b_hal_tim.o(.ARM.exidx.text.HAL_TIM_Base_Stop), (8 bytes).
    Removing py32f002b_hal_tim.o(.text.HAL_TIM_Base_Start_IT), (30 bytes).
    Removing py32f002b_hal_tim.o(.ARM.exidx.text.HAL_TIM_Base_Start_IT), (8 bytes).
    Removing py32f002b_hal_tim.o(.text.HAL_TIM_Base_Stop_IT), (48 bytes).
    Removing py32f002b_hal_tim.o(.ARM.exidx.text.HAL_TIM_Base_Stop_IT), (8 bytes).
    Removing py32f002b_hal_tim.o(.text.HAL_TIM_OC_Init), (132 bytes).
    Removing py32f002b_hal_tim.o(.ARM.exidx.text.HAL_TIM_OC_Init), (8 bytes).
    Removing py32f002b_hal_tim.o(.text.HAL_TIM_OC_MspInit), (2 bytes).
    Removing py32f002b_hal_tim.o(.ARM.exidx.text.HAL_TIM_OC_MspInit), (8 bytes).
    Removing py32f002b_hal_tim.o(.text.HAL_TIM_OC_DeInit), (56 bytes).
    Removing py32f002b_hal_tim.o(.ARM.exidx.text.HAL_TIM_OC_DeInit), (8 bytes).
    Removing py32f002b_hal_tim.o(.text.HAL_TIM_OC_MspDeInit), (2 bytes).
    Removing py32f002b_hal_tim.o(.ARM.exidx.text.HAL_TIM_OC_MspDeInit), (8 bytes).
    Removing py32f002b_hal_tim.o(.text.HAL_TIM_OC_Start), (72 bytes).
    Removing py32f002b_hal_tim.o(.ARM.exidx.text.HAL_TIM_OC_Start), (8 bytes).
    Removing py32f002b_hal_tim.o(.text.TIM_CCxChannelCmd), (26 bytes).
    Removing py32f002b_hal_tim.o(.ARM.exidx.text.TIM_CCxChannelCmd), (8 bytes).
    Removing py32f002b_hal_tim.o(.text.HAL_TIM_OC_Stop), (104 bytes).
    Removing py32f002b_hal_tim.o(.ARM.exidx.text.HAL_TIM_OC_Stop), (8 bytes).
    Removing py32f002b_hal_tim.o(.text.HAL_TIM_OC_Start_IT), (104 bytes).
    Removing py32f002b_hal_tim.o(.ARM.exidx.text.HAL_TIM_OC_Start_IT), (8 bytes).
    Removing py32f002b_hal_tim.o(.text.HAL_TIM_OC_Stop_IT), (132 bytes).
    Removing py32f002b_hal_tim.o(.ARM.exidx.text.HAL_TIM_OC_Stop_IT), (8 bytes).
    Removing py32f002b_hal_tim.o(.text.HAL_TIM_PWM_Init), (132 bytes).
    Removing py32f002b_hal_tim.o(.ARM.exidx.text.HAL_TIM_PWM_Init), (8 bytes).
    Removing py32f002b_hal_tim.o(.text.HAL_TIM_PWM_MspInit), (2 bytes).
    Removing py32f002b_hal_tim.o(.ARM.exidx.text.HAL_TIM_PWM_MspInit), (8 bytes).
    Removing py32f002b_hal_tim.o(.text.HAL_TIM_PWM_DeInit), (56 bytes).
    Removing py32f002b_hal_tim.o(.ARM.exidx.text.HAL_TIM_PWM_DeInit), (8 bytes).
    Removing py32f002b_hal_tim.o(.text.HAL_TIM_PWM_MspDeInit), (2 bytes).
    Removing py32f002b_hal_tim.o(.ARM.exidx.text.HAL_TIM_PWM_MspDeInit), (8 bytes).
    Removing py32f002b_hal_tim.o(.text.HAL_TIM_PWM_Start), (72 bytes).
    Removing py32f002b_hal_tim.o(.ARM.exidx.text.HAL_TIM_PWM_Start), (8 bytes).
    Removing py32f002b_hal_tim.o(.text.HAL_TIM_PWM_Stop), (104 bytes).
    Removing py32f002b_hal_tim.o(.ARM.exidx.text.HAL_TIM_PWM_Stop), (8 bytes).
    Removing py32f002b_hal_tim.o(.text.HAL_TIM_PWM_Start_IT), (104 bytes).
    Removing py32f002b_hal_tim.o(.ARM.exidx.text.HAL_TIM_PWM_Start_IT), (8 bytes).
    Removing py32f002b_hal_tim.o(.text.HAL_TIM_PWM_Stop_IT), (132 bytes).
    Removing py32f002b_hal_tim.o(.ARM.exidx.text.HAL_TIM_PWM_Stop_IT), (8 bytes).
    Removing py32f002b_hal_tim.o(.text.HAL_TIM_IC_Init), (132 bytes).
    Removing py32f002b_hal_tim.o(.ARM.exidx.text.HAL_TIM_IC_Init), (8 bytes).
    Removing py32f002b_hal_tim.o(.text.HAL_TIM_IC_MspInit), (2 bytes).
    Removing py32f002b_hal_tim.o(.ARM.exidx.text.HAL_TIM_IC_MspInit), (8 bytes).
    Removing py32f002b_hal_tim.o(.text.HAL_TIM_IC_DeInit), (56 bytes).
    Removing py32f002b_hal_tim.o(.ARM.exidx.text.HAL_TIM_IC_DeInit), (8 bytes).
    Removing py32f002b_hal_tim.o(.text.HAL_TIM_IC_MspDeInit), (2 bytes).
    Removing py32f002b_hal_tim.o(.ARM.exidx.text.HAL_TIM_IC_MspDeInit), (8 bytes).
    Removing py32f002b_hal_tim.o(.text.HAL_TIM_IC_Start), (44 bytes).
    Removing py32f002b_hal_tim.o(.ARM.exidx.text.HAL_TIM_IC_Start), (8 bytes).
    Removing py32f002b_hal_tim.o(.text.HAL_TIM_IC_Stop), (60 bytes).
    Removing py32f002b_hal_tim.o(.ARM.exidx.text.HAL_TIM_IC_Stop), (8 bytes).
    Removing py32f002b_hal_tim.o(.text.HAL_TIM_IC_Start_IT), (76 bytes).
    Removing py32f002b_hal_tim.o(.ARM.exidx.text.HAL_TIM_IC_Start_IT), (8 bytes).
    Removing py32f002b_hal_tim.o(.text.HAL_TIM_IC_Stop_IT), (92 bytes).
    Removing py32f002b_hal_tim.o(.ARM.exidx.text.HAL_TIM_IC_Stop_IT), (8 bytes).
    Removing py32f002b_hal_tim.o(.text.HAL_TIM_OnePulse_Init), (148 bytes).
    Removing py32f002b_hal_tim.o(.ARM.exidx.text.HAL_TIM_OnePulse_Init), (8 bytes).
    Removing py32f002b_hal_tim.o(.text.HAL_TIM_OnePulse_MspInit), (2 bytes).
    Removing py32f002b_hal_tim.o(.ARM.exidx.text.HAL_TIM_OnePulse_MspInit), (8 bytes).
    Removing py32f002b_hal_tim.o(.text.HAL_TIM_OnePulse_DeInit), (56 bytes).
    Removing py32f002b_hal_tim.o(.ARM.exidx.text.HAL_TIM_OnePulse_DeInit), (8 bytes).
    Removing py32f002b_hal_tim.o(.text.HAL_TIM_OnePulse_MspDeInit), (2 bytes).
    Removing py32f002b_hal_tim.o(.ARM.exidx.text.HAL_TIM_OnePulse_MspDeInit), (8 bytes).
    Removing py32f002b_hal_tim.o(.text.HAL_TIM_OnePulse_Start), (64 bytes).
    Removing py32f002b_hal_tim.o(.ARM.exidx.text.HAL_TIM_OnePulse_Start), (8 bytes).
    Removing py32f002b_hal_tim.o(.text.HAL_TIM_OnePulse_Stop), (108 bytes).
    Removing py32f002b_hal_tim.o(.ARM.exidx.text.HAL_TIM_OnePulse_Stop), (8 bytes).
    Removing py32f002b_hal_tim.o(.text.HAL_TIM_OnePulse_Start_IT), (80 bytes).
    Removing py32f002b_hal_tim.o(.ARM.exidx.text.HAL_TIM_OnePulse_Start_IT), (8 bytes).
    Removing py32f002b_hal_tim.o(.text.HAL_TIM_OnePulse_Stop_IT), (124 bytes).
    Removing py32f002b_hal_tim.o(.ARM.exidx.text.HAL_TIM_OnePulse_Stop_IT), (8 bytes).
    Removing py32f002b_hal_tim.o(.text.HAL_TIM_Encoder_Init), (232 bytes).
    Removing py32f002b_hal_tim.o(.ARM.exidx.text.HAL_TIM_Encoder_Init), (8 bytes).
    Removing py32f002b_hal_tim.o(.text.HAL_TIM_Encoder_MspInit), (2 bytes).
    Removing py32f002b_hal_tim.o(.ARM.exidx.text.HAL_TIM_Encoder_MspInit), (8 bytes).
    Removing py32f002b_hal_tim.o(.text.HAL_TIM_Encoder_DeInit), (56 bytes).
    Removing py32f002b_hal_tim.o(.ARM.exidx.text.HAL_TIM_Encoder_DeInit), (8 bytes).
    Removing py32f002b_hal_tim.o(.text.HAL_TIM_Encoder_MspDeInit), (2 bytes).
    Removing py32f002b_hal_tim.o(.ARM.exidx.text.HAL_TIM_Encoder_MspDeInit), (8 bytes).
    Removing py32f002b_hal_tim.o(.text.HAL_TIM_Encoder_Start), (80 bytes).
    Removing py32f002b_hal_tim.o(.ARM.exidx.text.HAL_TIM_Encoder_Start), (8 bytes).
    Removing py32f002b_hal_tim.o(.text.HAL_TIM_Encoder_Stop), (100 bytes).
    Removing py32f002b_hal_tim.o(.ARM.exidx.text.HAL_TIM_Encoder_Stop), (8 bytes).
    Removing py32f002b_hal_tim.o(.text.HAL_TIM_Encoder_Start_IT), (110 bytes).
    Removing py32f002b_hal_tim.o(.ARM.exidx.text.HAL_TIM_Encoder_Start_IT), (8 bytes).
    Removing py32f002b_hal_tim.o(.text.HAL_TIM_Encoder_Stop_IT), (136 bytes).
    Removing py32f002b_hal_tim.o(.ARM.exidx.text.HAL_TIM_Encoder_Stop_IT), (8 bytes).
    Removing py32f002b_hal_tim.o(.text.HAL_TIM_IRQHandler), (328 bytes).
    Removing py32f002b_hal_tim.o(.ARM.exidx.text.HAL_TIM_IRQHandler), (8 bytes).
    Removing py32f002b_hal_tim.o(.text.HAL_TIM_IC_CaptureCallback), (2 bytes).
    Removing py32f002b_hal_tim.o(.ARM.exidx.text.HAL_TIM_IC_CaptureCallback), (8 bytes).
    Removing py32f002b_hal_tim.o(.text.HAL_TIM_OC_DelayElapsedCallback), (2 bytes).
    Removing py32f002b_hal_tim.o(.ARM.exidx.text.HAL_TIM_OC_DelayElapsedCallback), (8 bytes).
    Removing py32f002b_hal_tim.o(.text.HAL_TIM_PWM_PulseFinishedCallback), (2 bytes).
    Removing py32f002b_hal_tim.o(.ARM.exidx.text.HAL_TIM_PWM_PulseFinishedCallback), (8 bytes).
    Removing py32f002b_hal_tim.o(.text.HAL_TIM_PeriodElapsedCallback), (2 bytes).
    Removing py32f002b_hal_tim.o(.ARM.exidx.text.HAL_TIM_PeriodElapsedCallback), (8 bytes).
    Removing py32f002b_hal_tim.o(.text.HAL_TIM_TriggerCallback), (2 bytes).
    Removing py32f002b_hal_tim.o(.ARM.exidx.text.HAL_TIM_TriggerCallback), (8 bytes).
    Removing py32f002b_hal_tim.o(.text.HAL_TIM_OC_ConfigChannel), (508 bytes).
    Removing py32f002b_hal_tim.o(.ARM.exidx.text.HAL_TIM_OC_ConfigChannel), (8 bytes).
    Removing py32f002b_hal_tim.o(.text.TIM_OC2_SetConfig), (124 bytes).
    Removing py32f002b_hal_tim.o(.ARM.exidx.text.TIM_OC2_SetConfig), (8 bytes).
    Removing py32f002b_hal_tim.o(.text.HAL_TIM_IC_ConfigChannel), (332 bytes).
    Removing py32f002b_hal_tim.o(.ARM.exidx.text.HAL_TIM_IC_ConfigChannel), (8 bytes).
    Removing py32f002b_hal_tim.o(.text.TIM_TI1_SetConfig), (60 bytes).
    Removing py32f002b_hal_tim.o(.ARM.exidx.text.TIM_TI1_SetConfig), (8 bytes).
    Removing py32f002b_hal_tim.o(.text.HAL_TIM_PWM_ConfigChannel), (604 bytes).
    Removing py32f002b_hal_tim.o(.ARM.exidx.text.HAL_TIM_PWM_ConfigChannel), (8 bytes).
    Removing py32f002b_hal_tim.o(.text.HAL_TIM_OnePulse_ConfigChannel), (472 bytes).
    Removing py32f002b_hal_tim.o(.ARM.exidx.text.HAL_TIM_OnePulse_ConfigChannel), (8 bytes).
    Removing py32f002b_hal_tim.o(.text.HAL_TIM_GenerateEvent), (30 bytes).
    Removing py32f002b_hal_tim.o(.ARM.exidx.text.HAL_TIM_GenerateEvent), (8 bytes).
    Removing py32f002b_hal_tim.o(.text.HAL_TIM_ConfigOCrefClear), (240 bytes).
    Removing py32f002b_hal_tim.o(.ARM.exidx.text.HAL_TIM_ConfigOCrefClear), (8 bytes).
    Removing py32f002b_hal_tim.o(.text.TIM_ETR_SetConfig), (22 bytes).
    Removing py32f002b_hal_tim.o(.ARM.exidx.text.TIM_ETR_SetConfig), (8 bytes).
    Removing py32f002b_hal_tim.o(.text.HAL_TIM_ConfigClockSource), (308 bytes).
    Removing py32f002b_hal_tim.o(.ARM.exidx.text.HAL_TIM_ConfigClockSource), (8 bytes).
    Removing py32f002b_hal_tim.o(.text.HAL_TIM_ConfigTI1Input), (16 bytes).
    Removing py32f002b_hal_tim.o(.ARM.exidx.text.HAL_TIM_ConfigTI1Input), (8 bytes).
    Removing py32f002b_hal_tim.o(.text.HAL_TIM_SlaveConfigSynchro), (54 bytes).
    Removing py32f002b_hal_tim.o(.ARM.exidx.text.HAL_TIM_SlaveConfigSynchro), (8 bytes).
    Removing py32f002b_hal_tim.o(.text.TIM_SlaveTimer_SetConfig), (188 bytes).
    Removing py32f002b_hal_tim.o(.ARM.exidx.text.TIM_SlaveTimer_SetConfig), (8 bytes).
    Removing py32f002b_hal_tim.o(.text.HAL_TIM_SlaveConfigSynchro_IT), (54 bytes).
    Removing py32f002b_hal_tim.o(.ARM.exidx.text.HAL_TIM_SlaveConfigSynchro_IT), (8 bytes).
    Removing py32f002b_hal_tim.o(.text.HAL_TIM_ReadCapturedValue), (56 bytes).
    Removing py32f002b_hal_tim.o(.ARM.exidx.text.HAL_TIM_ReadCapturedValue), (8 bytes).
    Removing py32f002b_hal_tim.o(.text.HAL_TIM_PeriodElapsedHalfCpltCallback), (2 bytes).
    Removing py32f002b_hal_tim.o(.ARM.exidx.text.HAL_TIM_PeriodElapsedHalfCpltCallback), (8 bytes).
    Removing py32f002b_hal_tim.o(.text.HAL_TIM_IC_CaptureHalfCpltCallback), (2 bytes).
    Removing py32f002b_hal_tim.o(.ARM.exidx.text.HAL_TIM_IC_CaptureHalfCpltCallback), (8 bytes).
    Removing py32f002b_hal_tim.o(.text.HAL_TIM_PWM_PulseFinishedHalfCpltCallback), (2 bytes).
    Removing py32f002b_hal_tim.o(.ARM.exidx.text.HAL_TIM_PWM_PulseFinishedHalfCpltCallback), (8 bytes).
    Removing py32f002b_hal_tim.o(.text.HAL_TIM_TriggerHalfCpltCallback), (2 bytes).
    Removing py32f002b_hal_tim.o(.ARM.exidx.text.HAL_TIM_TriggerHalfCpltCallback), (8 bytes).
    Removing py32f002b_hal_tim.o(.text.HAL_TIM_ErrorCallback), (2 bytes).
    Removing py32f002b_hal_tim.o(.ARM.exidx.text.HAL_TIM_ErrorCallback), (8 bytes).
    Removing py32f002b_hal_tim.o(.text.HAL_TIM_Base_GetState), (4 bytes).
    Removing py32f002b_hal_tim.o(.ARM.exidx.text.HAL_TIM_Base_GetState), (8 bytes).
    Removing py32f002b_hal_tim.o(.text.HAL_TIM_OC_GetState), (4 bytes).
    Removing py32f002b_hal_tim.o(.ARM.exidx.text.HAL_TIM_OC_GetState), (8 bytes).
    Removing py32f002b_hal_tim.o(.text.HAL_TIM_PWM_GetState), (4 bytes).
    Removing py32f002b_hal_tim.o(.ARM.exidx.text.HAL_TIM_PWM_GetState), (8 bytes).
    Removing py32f002b_hal_tim.o(.text.HAL_TIM_IC_GetState), (4 bytes).
    Removing py32f002b_hal_tim.o(.ARM.exidx.text.HAL_TIM_IC_GetState), (8 bytes).
    Removing py32f002b_hal_tim.o(.text.HAL_TIM_OnePulse_GetState), (4 bytes).
    Removing py32f002b_hal_tim.o(.ARM.exidx.text.HAL_TIM_OnePulse_GetState), (8 bytes).
    Removing py32f002b_hal_tim.o(.text.HAL_TIM_Encoder_GetState), (4 bytes).
    Removing py32f002b_hal_tim.o(.ARM.exidx.text.HAL_TIM_Encoder_GetState), (8 bytes).
    Removing py32f002b_hal_tim.o(.rodata.cst16), (32 bytes).
    Removing py32f002b_hal_tim_ex.o(.text), (0 bytes).
    Removing py32f002b_hal_tim_ex.o(.text.HAL_TIMEx_HallSensor_Init), (166 bytes).
    Removing py32f002b_hal_tim_ex.o(.ARM.exidx.text.HAL_TIMEx_HallSensor_Init), (8 bytes).
    Removing py32f002b_hal_tim_ex.o(.text.HAL_TIMEx_HallSensor_MspInit), (2 bytes).
    Removing py32f002b_hal_tim_ex.o(.ARM.exidx.text.HAL_TIMEx_HallSensor_MspInit), (8 bytes).
    Removing py32f002b_hal_tim_ex.o(.text.HAL_TIMEx_HallSensor_DeInit), (56 bytes).
    Removing py32f002b_hal_tim_ex.o(.ARM.exidx.text.HAL_TIMEx_HallSensor_DeInit), (8 bytes).
    Removing py32f002b_hal_tim_ex.o(.text.HAL_TIMEx_HallSensor_MspDeInit), (2 bytes).
    Removing py32f002b_hal_tim_ex.o(.ARM.exidx.text.HAL_TIMEx_HallSensor_MspDeInit), (8 bytes).
    Removing py32f002b_hal_tim_ex.o(.text.HAL_TIMEx_HallSensor_Start), (38 bytes).
    Removing py32f002b_hal_tim_ex.o(.ARM.exidx.text.HAL_TIMEx_HallSensor_Start), (8 bytes).
    Removing py32f002b_hal_tim_ex.o(.text.HAL_TIMEx_HallSensor_Stop), (56 bytes).
    Removing py32f002b_hal_tim_ex.o(.ARM.exidx.text.HAL_TIMEx_HallSensor_Stop), (8 bytes).
    Removing py32f002b_hal_tim_ex.o(.text.HAL_TIMEx_HallSensor_Start_IT), (46 bytes).
    Removing py32f002b_hal_tim_ex.o(.ARM.exidx.text.HAL_TIMEx_HallSensor_Start_IT), (8 bytes).
    Removing py32f002b_hal_tim_ex.o(.text.HAL_TIMEx_HallSensor_Stop_IT), (64 bytes).
    Removing py32f002b_hal_tim_ex.o(.ARM.exidx.text.HAL_TIMEx_HallSensor_Stop_IT), (8 bytes).
    Removing py32f002b_hal_tim_ex.o(.text.HAL_TIMEx_OCN_Start), (52 bytes).
    Removing py32f002b_hal_tim_ex.o(.ARM.exidx.text.HAL_TIMEx_OCN_Start), (8 bytes).
    Removing py32f002b_hal_tim_ex.o(.text.HAL_TIMEx_OCN_Stop), (84 bytes).
    Removing py32f002b_hal_tim_ex.o(.ARM.exidx.text.HAL_TIMEx_OCN_Stop), (8 bytes).
    Removing py32f002b_hal_tim_ex.o(.text.HAL_TIMEx_OCN_Start_IT), (92 bytes).
    Removing py32f002b_hal_tim_ex.o(.ARM.exidx.text.HAL_TIMEx_OCN_Start_IT), (8 bytes).
    Removing py32f002b_hal_tim_ex.o(.text.HAL_TIMEx_OCN_Stop_IT), (128 bytes).
    Removing py32f002b_hal_tim_ex.o(.ARM.exidx.text.HAL_TIMEx_OCN_Stop_IT), (8 bytes).
    Removing py32f002b_hal_tim_ex.o(.text.HAL_TIMEx_PWMN_Start), (52 bytes).
    Removing py32f002b_hal_tim_ex.o(.ARM.exidx.text.HAL_TIMEx_PWMN_Start), (8 bytes).
    Removing py32f002b_hal_tim_ex.o(.text.HAL_TIMEx_PWMN_Stop), (84 bytes).
    Removing py32f002b_hal_tim_ex.o(.ARM.exidx.text.HAL_TIMEx_PWMN_Stop), (8 bytes).
    Removing py32f002b_hal_tim_ex.o(.text.HAL_TIMEx_PWMN_Start_IT), (92 bytes).
    Removing py32f002b_hal_tim_ex.o(.ARM.exidx.text.HAL_TIMEx_PWMN_Start_IT), (8 bytes).
    Removing py32f002b_hal_tim_ex.o(.text.HAL_TIMEx_PWMN_Stop_IT), (128 bytes).
    Removing py32f002b_hal_tim_ex.o(.ARM.exidx.text.HAL_TIMEx_PWMN_Stop_IT), (8 bytes).
    Removing py32f002b_hal_tim_ex.o(.text.HAL_TIMEx_OnePulseN_Start), (36 bytes).
    Removing py32f002b_hal_tim_ex.o(.ARM.exidx.text.HAL_TIMEx_OnePulseN_Start), (8 bytes).
    Removing py32f002b_hal_tim_ex.o(.text.HAL_TIMEx_OnePulseN_Stop), (84 bytes).
    Removing py32f002b_hal_tim_ex.o(.ARM.exidx.text.HAL_TIMEx_OnePulseN_Stop), (8 bytes).
    Removing py32f002b_hal_tim_ex.o(.text.HAL_TIMEx_OnePulseN_Start_IT), (50 bytes).
    Removing py32f002b_hal_tim_ex.o(.ARM.exidx.text.HAL_TIMEx_OnePulseN_Start_IT), (8 bytes).
    Removing py32f002b_hal_tim_ex.o(.text.HAL_TIMEx_OnePulseN_Stop_IT), (100 bytes).
    Removing py32f002b_hal_tim_ex.o(.ARM.exidx.text.HAL_TIMEx_OnePulseN_Stop_IT), (8 bytes).
    Removing py32f002b_hal_tim_ex.o(.text.HAL_TIMEx_ConfigCommutEvent), (78 bytes).
    Removing py32f002b_hal_tim_ex.o(.ARM.exidx.text.HAL_TIMEx_ConfigCommutEvent), (8 bytes).
    Removing py32f002b_hal_tim_ex.o(.text.HAL_TIMEx_ConfigCommutEvent_IT), (78 bytes).
    Removing py32f002b_hal_tim_ex.o(.ARM.exidx.text.HAL_TIMEx_ConfigCommutEvent_IT), (8 bytes).
    Removing py32f002b_hal_tim_ex.o(.text.HAL_TIMEx_MasterConfigSynchronization), (68 bytes).
    Removing py32f002b_hal_tim_ex.o(.ARM.exidx.text.HAL_TIMEx_MasterConfigSynchronization), (8 bytes).
    Removing py32f002b_hal_tim_ex.o(.text.HAL_TIMEx_ConfigBreakDeadTime), (84 bytes).
    Removing py32f002b_hal_tim_ex.o(.ARM.exidx.text.HAL_TIMEx_ConfigBreakDeadTime), (8 bytes).
    Removing py32f002b_hal_tim_ex.o(.text.HAL_TIMEx_RemapConfig), (22 bytes).
    Removing py32f002b_hal_tim_ex.o(.ARM.exidx.text.HAL_TIMEx_RemapConfig), (8 bytes).
    Removing py32f002b_hal_tim_ex.o(.text.HAL_TIMEx_CommutCallback), (2 bytes).
    Removing py32f002b_hal_tim_ex.o(.ARM.exidx.text.HAL_TIMEx_CommutCallback), (8 bytes).
    Removing py32f002b_hal_tim_ex.o(.text.HAL_TIMEx_CommutHalfCpltCallback), (2 bytes).
    Removing py32f002b_hal_tim_ex.o(.ARM.exidx.text.HAL_TIMEx_CommutHalfCpltCallback), (8 bytes).
    Removing py32f002b_hal_tim_ex.o(.text.HAL_TIMEx_BreakCallback), (2 bytes).
    Removing py32f002b_hal_tim_ex.o(.ARM.exidx.text.HAL_TIMEx_BreakCallback), (8 bytes).
    Removing py32f002b_hal_tim_ex.o(.text.HAL_TIMEx_HallSensor_GetState), (4 bytes).
    Removing py32f002b_hal_tim_ex.o(.ARM.exidx.text.HAL_TIMEx_HallSensor_GetState), (8 bytes).

560 unused section(s) (total 28352 bytes) removed from the image.

==============================================================================

Image Symbol Table

    Local Symbols

    Symbol Name                              Value     Ov Type        Size  Object(Section)

    ../clib/division.s                       0x00000000   Number         0  aeabi_sdivfast.o ABSOLUTE
    ../clib/division.s                       0x00000000   Number         0  aeabi_sdivfast_div0.o ABSOLUTE
    ../clib/microlib/division.c              0x00000000   Number         0  uidiv.o ABSOLUTE
    ../clib/microlib/division.c              0x00000000   Number         0  uidiv_div0.o ABSOLUTE
    ../clib/microlib/division.c              0x00000000   Number         0  idiv_div0.o ABSOLUTE
    ../clib/microlib/division.c              0x00000000   Number         0  idiv0.o ABSOLUTE
    ../clib/microlib/init/entry.s            0x00000000   Number         0  entry.o ABSOLUTE
    ../clib/microlib/init/entry.s            0x00000000   Number         0  entry2.o ABSOLUTE
    ../clib/microlib/init/entry.s            0x00000000   Number         0  entry5.o ABSOLUTE
    ../clib/microlib/init/entry.s            0x00000000   Number         0  entry7a.o ABSOLUTE
    ../clib/microlib/init/entry.s            0x00000000   Number         0  entry7b.o ABSOLUTE
    ../clib/microlib/init/entry.s            0x00000000   Number         0  entry8a.o ABSOLUTE
    ../clib/microlib/init/entry.s            0x00000000   Number         0  entry8b.o ABSOLUTE
    ../clib/microlib/init/entry.s            0x00000000   Number         0  entry9a.o ABSOLUTE
    ../clib/microlib/init/entry.s            0x00000000   Number         0  entry9b.o ABSOLUTE
    ../clib/microlib/init/entry.s            0x00000000   Number         0  entry10a.o ABSOLUTE
    ../clib/microlib/init/entry.s            0x00000000   Number         0  entry10b.o ABSOLUTE
    ../clib/microlib/init/entry.s            0x00000000   Number         0  entry11a.o ABSOLUTE
    ../clib/microlib/init/entry.s            0x00000000   Number         0  entry11b.o ABSOLUTE
    ../clib/microlib/string/memset.c         0x00000000   Number         0  memseta.o ABSOLUTE
    dc.s                                     0x00000000   Number         0  dc.o ABSOLUTE
    handlers.s                               0x00000000   Number         0  handlers.o ABSOLUTE
    init.s                                   0x00000000   Number         0  init.o ABSOLUTE
    main.c                                   0x00000000   Number         0  main.o ABSOLUTE
    py32f002b_hal.c                          0x00000000   Number         0  py32f002b_hal.o ABSOLUTE
    py32f002b_hal_cortex.c                   0x00000000   Number         0  py32f002b_hal_cortex.o ABSOLUTE
    py32f002b_hal_exti.c                     0x00000000   Number         0  py32f002b_hal_exti.o ABSOLUTE
    py32f002b_hal_flash.c                    0x00000000   Number         0  py32f002b_hal_flash.o ABSOLUTE
    py32f002b_hal_gpio.c                     0x00000000   Number         0  py32f002b_hal_gpio.o ABSOLUTE
    py32f002b_hal_i2c.c                      0x00000000   Number         0  py32f002b_hal_i2c.o ABSOLUTE
    py32f002b_hal_msp.c                      0x00000000   Number         0  py32f002b_hal_msp.o ABSOLUTE
    py32f002b_hal_pwr.c                      0x00000000   Number         0  py32f002b_hal_pwr.o ABSOLUTE
    py32f002b_hal_rcc.c                      0x00000000   Number         0  py32f002b_hal_rcc.o ABSOLUTE
    py32f002b_hal_rcc_ex.c                   0x00000000   Number         0  py32f002b_hal_rcc_ex.o ABSOLUTE
    py32f002b_hal_tim.c                      0x00000000   Number         0  py32f002b_hal_tim.o ABSOLUTE
    py32f002b_hal_tim_ex.c                   0x00000000   Number         0  py32f002b_hal_tim_ex.o ABSOLUTE
    py32f002b_it.c                           0x00000000   Number         0  py32f002b_it.o ABSOLUTE
    startup_py32f002bxx.s                    0x00000000   Number         0  startup_py32f002bxx.o ABSOLUTE
    sys.c                                    0x00000000   Number         0  sys.o ABSOLUTE
    system_py32f002b.c                       0x00000000   Number         0  system_py32f002b.o ABSOLUTE
    RESET                                    0x08000000   Section      192  startup_py32f002bxx.o(RESET)
    .ARM.Collect$$$$00000000                 0x080000c0   Section        0  entry.o(.ARM.Collect$$$$00000000)
    .ARM.Collect$$$$00000001                 0x080000c0   Section        4  entry2.o(.ARM.Collect$$$$00000001)
    .ARM.Collect$$$$00000004                 0x080000c4   Section        4  entry5.o(.ARM.Collect$$$$00000004)
    .ARM.Collect$$$$00000008                 0x080000c8   Section        0  entry7b.o(.ARM.Collect$$$$00000008)
    .ARM.Collect$$$$0000000A                 0x080000c8   Section        0  entry8b.o(.ARM.Collect$$$$0000000A)
    .ARM.Collect$$$$0000000B                 0x080000c8   Section        8  entry9a.o(.ARM.Collect$$$$0000000B)
    __lit__00000000                          0x080000d0   Data           4  entry2.o(.ARM.Collect$$$$00002712)
    .ARM.Collect$$$$0000000D                 0x080000d0   Section        0  entry10a.o(.ARM.Collect$$$$0000000D)
    .ARM.Collect$$$$0000000F                 0x080000d0   Section        0  entry11a.o(.ARM.Collect$$$$0000000F)
    .ARM.Collect$$$$00002712                 0x080000d0   Section        4  entry2.o(.ARM.Collect$$$$00002712)
    .text                                    0x080000d4   Section       28  startup_py32f002bxx.o(.text)
    .text                                    0x080000f0   Section        0  memseta.o(.text)
    .text                                    0x08000114   Section        0  uidiv_div0.o(.text)
    .text                                    0x08000154   Section       48  init.o(.text)
    [Anonymous Symbol]                       0x08000184   Section        0  py32f002b_hal.o(.text.HAL_Delay)
    [Anonymous Symbol]                       0x080001a4   Section        0  py32f002b_hal_gpio.o(.text.HAL_GPIO_Init)
    __arm_cp.0_0                             0x08000304   Number         4  py32f002b_hal_gpio.o(.text.HAL_GPIO_Init)
    __arm_cp.0_1                             0x08000308   Number         4  py32f002b_hal_gpio.o(.text.HAL_GPIO_Init)
    __arm_cp.0_2                             0x0800030c   Number         4  py32f002b_hal_gpio.o(.text.HAL_GPIO_Init)
    __arm_cp.0_3                             0x08000310   Number         4  py32f002b_hal_gpio.o(.text.HAL_GPIO_Init)
    [Anonymous Symbol]                       0x08000314   Section        0  py32f002b_hal_gpio.o(.text.HAL_GPIO_WritePin)
    [Anonymous Symbol]                       0x08000324   Section        0  py32f002b_hal.o(.text.HAL_GetTick)
    [Anonymous Symbol]                       0x0800032c   Section        0  py32f002b_hal.o(.text.HAL_IncTick)
    __arm_cp.5_1                             0x0800033c   Number         4  py32f002b_hal.o(.text.HAL_IncTick)
    [Anonymous Symbol]                       0x08000340   Section        0  py32f002b_hal.o(.text.HAL_Init)
    [Anonymous Symbol]                       0x08000358   Section        0  py32f002b_hal.o(.text.HAL_InitTick)
    __arm_cp.1_0                             0x08000398   Number         4  py32f002b_hal.o(.text.HAL_InitTick)
    [Anonymous Symbol]                       0x0800039c   Section        0  py32f002b_hal_msp.o(.text.HAL_MspInit)
    __arm_cp.0_0                             0x080003c4   Number         4  py32f002b_hal_msp.o(.text.HAL_MspInit)
    [Anonymous Symbol]                       0x080003c8   Section        0  py32f002b_hal_cortex.o(.text.HAL_NVIC_SetPriority)
    __arm_cp.0_0                             0x080003f8   Number         4  py32f002b_hal_cortex.o(.text.HAL_NVIC_SetPriority)
    __arm_cp.0_1                             0x080003fc   Number         4  py32f002b_hal_cortex.o(.text.HAL_NVIC_SetPriority)
    [Anonymous Symbol]                       0x08000400   Section        0  py32f002b_hal_rcc.o(.text.HAL_RCC_ClockConfig)
    __arm_cp.3_0                             0x080005b8   Number         4  py32f002b_hal_rcc.o(.text.HAL_RCC_ClockConfig)
    __arm_cp.3_1                             0x080005bc   Number         4  py32f002b_hal_rcc.o(.text.HAL_RCC_ClockConfig)
    __arm_cp.3_2                             0x080005c0   Number         4  py32f002b_hal_rcc.o(.text.HAL_RCC_ClockConfig)
    __arm_cp.3_3                             0x080005c4   Number         4  py32f002b_hal_rcc.o(.text.HAL_RCC_ClockConfig)
    __arm_cp.3_4                             0x080005c8   Number         4  py32f002b_hal_rcc.o(.text.HAL_RCC_ClockConfig)
    __arm_cp.3_6                             0x080005cc   Number         4  py32f002b_hal_rcc.o(.text.HAL_RCC_ClockConfig)
    __arm_cp.3_8                             0x080005d0   Number         4  py32f002b_hal_rcc.o(.text.HAL_RCC_ClockConfig)
    __arm_cp.3_9                             0x080005d4   Number         4  py32f002b_hal_rcc.o(.text.HAL_RCC_ClockConfig)
    [Anonymous Symbol]                       0x080005d8   Section        0  py32f002b_hal_rcc.o(.text.HAL_RCC_OscConfig)
    __arm_cp.1_0                             0x08000940   Number         4  py32f002b_hal_rcc.o(.text.HAL_RCC_OscConfig)
    __arm_cp.1_1                             0x08000944   Number         4  py32f002b_hal_rcc.o(.text.HAL_RCC_OscConfig)
    __arm_cp.1_3                             0x08000948   Number         4  py32f002b_hal_rcc.o(.text.HAL_RCC_OscConfig)
    __arm_cp.1_4                             0x0800094c   Number         4  py32f002b_hal_rcc.o(.text.HAL_RCC_OscConfig)
    __arm_cp.1_5                             0x08000950   Number         4  py32f002b_hal_rcc.o(.text.HAL_RCC_OscConfig)
    __arm_cp.1_6                             0x08000954   Number         4  py32f002b_hal_rcc.o(.text.HAL_RCC_OscConfig)
    __arm_cp.1_7                             0x08000958   Number         4  py32f002b_hal_rcc.o(.text.HAL_RCC_OscConfig)
    __arm_cp.1_8                             0x0800095c   Number         4  py32f002b_hal_rcc.o(.text.HAL_RCC_OscConfig)
    __arm_cp.1_10                            0x08000960   Number         4  py32f002b_hal_rcc.o(.text.HAL_RCC_OscConfig)
    [Anonymous Symbol]                       0x08000964   Section        0  py32f002b_hal_cortex.o(.text.HAL_SYSTICK_Config)
    __arm_cp.4_0                             0x0800098c   Number         4  py32f002b_hal_cortex.o(.text.HAL_SYSTICK_Config)
    __arm_cp.4_1                             0x08000990   Number         4  py32f002b_hal_cortex.o(.text.HAL_SYSTICK_Config)
    __arm_cp.4_2                             0x08000994   Number         4  py32f002b_hal_cortex.o(.text.HAL_SYSTICK_Config)
    [Anonymous Symbol]                       0x08000998   Section        0  py32f002b_it.o(.text.HardFault_Handler)
    [Anonymous Symbol]                       0x0800099a   Section        0  py32f002b_it.o(.text.NMI_Handler)
    [Anonymous Symbol]                       0x0800099c   Section        0  py32f002b_it.o(.text.PendSV_Handler)
    [Anonymous Symbol]                       0x0800099e   Section        0  py32f002b_it.o(.text.SVC_Handler)
    [Anonymous Symbol]                       0x080009a0   Section        0  py32f002b_it.o(.text.SysTick_Handler)
    [Anonymous Symbol]                       0x080009a8   Section        0  system_py32f002b.o(.text.SystemInit)
    __arm_cp.1_0                             0x080009e4   Number         4  system_py32f002b.o(.text.SystemInit)
    __arm_cp.1_1                             0x080009e8   Number         4  system_py32f002b.o(.text.SystemInit)
    __arm_cp.1_3                             0x080009ec   Number         4  system_py32f002b.o(.text.SystemInit)
    __arm_cp.1_4                             0x080009f0   Number         4  system_py32f002b.o(.text.SystemInit)
    __arm_cp.1_5                             0x080009f4   Number         4  system_py32f002b.o(.text.SystemInit)
    [Anonymous Symbol]                       0x080009f8   Section        0  main.o(.text.main)
    __arm_cp.0_0                             0x08000a68   Number         4  main.o(.text.main)
    [Anonymous Symbol]                       0x08000a6c   Section        0  sys.o(.text.sys_gpio_init)
    __arm_cp.0_0                             0x08000b10   Number         4  sys.o(.text.sys_gpio_init)
    __arm_cp.0_2                             0x08000b14   Number         4  sys.o(.text.sys_gpio_init)
    __arm_cp.0_3                             0x08000b18   Number         4  sys.o(.text.sys_gpio_init)
    [Anonymous Symbol]                       0x08000b1c   Section        0  sys.o(.text.sys_open_power)
    __arm_cp.3_0                             0x08000b2c   Number         4  sys.o(.text.sys_open_power)
    i.__scatterload_copy                     0x08000b30   Section       14  handlers.o(i.__scatterload_copy)
    i.__scatterload_null                     0x08000b3e   Section        2  handlers.o(i.__scatterload_null)
    i.__scatterload_zeroinit                 0x08000b40   Section       14  handlers.o(i.__scatterload_zeroinit)
    [Anonymous Symbol]                       0x08000b90   Section        0  py32f002b_hal_rcc.o(.rodata.cst32)
    STACK                                    0x20000018   Section     1024  startup_py32f002bxx.o(STACK)

    Global Symbols

    Symbol Name                              Value     Ov Type        Size  Object(Section)

    BuildAttributes$$THM_ISAv3M$S$PE$A:L22$X:L11$S22$IEEE1$IW$~IW$USESV6$~STKCKD$USESV7$~SHL$OTIME$EBA8$MICROLIB$REQ8$PRES8$EABIv2 0x00000000   Number         0  anon$$obj.o ABSOLUTE
    __cpp_initialize__aeabi_                  - Undefined Weak Reference
    __cxa_finalize                            - Undefined Weak Reference
    __decompress                              - Undefined Weak Reference
    _clock_init                               - Undefined Weak Reference
    _microlib_exit                            - Undefined Weak Reference
    __Vectors_Size                           0x000000c0   Number         0  startup_py32f002bxx.o ABSOLUTE
    __Vectors                                0x08000000   Data           4  startup_py32f002bxx.o(RESET)
    __Vectors_End                            0x080000c0   Data           0  startup_py32f002bxx.o(RESET)
    __main                                   0x080000c1   Thumb Code     0  entry.o(.ARM.Collect$$$$00000000)
    _main_stk                                0x080000c1   Thumb Code     0  entry2.o(.ARM.Collect$$$$00000001)
    _main_scatterload                        0x080000c5   Thumb Code     0  entry5.o(.ARM.Collect$$$$00000004)
    __main_after_scatterload                 0x080000c9   Thumb Code     0  entry5.o(.ARM.Collect$$$$00000004)
    _main_clock                              0x080000c9   Thumb Code     0  entry7b.o(.ARM.Collect$$$$00000008)
    _main_cpp_init                           0x080000c9   Thumb Code     0  entry8b.o(.ARM.Collect$$$$0000000A)
    _main_init                               0x080000c9   Thumb Code     0  entry9a.o(.ARM.Collect$$$$0000000B)
    __rt_final_cpp                           0x080000d1   Thumb Code     0  entry10a.o(.ARM.Collect$$$$0000000D)
    __rt_final_exit                          0x080000d1   Thumb Code     0  entry11a.o(.ARM.Collect$$$$0000000F)
    Reset_Handler                            0x080000d5   Thumb Code     8  startup_py32f002bxx.o(.text)
    ADC_COMP_IRQHandler                      0x080000e7   Thumb Code     0  startup_py32f002bxx.o(.text)
    EXTI0_1_IRQHandler                       0x080000e7   Thumb Code     0  startup_py32f002bxx.o(.text)
    EXTI2_3_IRQHandler                       0x080000e7   Thumb Code     0  startup_py32f002bxx.o(.text)
    EXTI4_15_IRQHandler                      0x080000e7   Thumb Code     0  startup_py32f002bxx.o(.text)
    FLASH_IRQHandler                         0x080000e7   Thumb Code     0  startup_py32f002bxx.o(.text)
    I2C1_IRQHandler                          0x080000e7   Thumb Code     0  startup_py32f002bxx.o(.text)
    LPTIM1_IRQHandler                        0x080000e7   Thumb Code     0  startup_py32f002bxx.o(.text)
    RCC_IRQHandler                           0x080000e7   Thumb Code     0  startup_py32f002bxx.o(.text)
    SPI1_IRQHandler                          0x080000e7   Thumb Code     0  startup_py32f002bxx.o(.text)
    TIM14_IRQHandler                         0x080000e7   Thumb Code     0  startup_py32f002bxx.o(.text)
    TIM1_BRK_UP_TRG_COM_IRQHandler           0x080000e7   Thumb Code     0  startup_py32f002bxx.o(.text)
    TIM1_CC_IRQHandler                       0x080000e7   Thumb Code     0  startup_py32f002bxx.o(.text)
    USART1_IRQHandler                        0x080000e7   Thumb Code     0  startup_py32f002bxx.o(.text)
    __aeabi_memset                           0x080000f1   Thumb Code    14  memseta.o(.text)
    __aeabi_memset4                          0x080000f1   Thumb Code     0  memseta.o(.text)
    __aeabi_memset8                          0x080000f1   Thumb Code     0  memseta.o(.text)
    __aeabi_memclr                           0x080000ff   Thumb Code     4  memseta.o(.text)
    __aeabi_memclr4                          0x080000ff   Thumb Code     0  memseta.o(.text)
    __aeabi_memclr8                          0x080000ff   Thumb Code     0  memseta.o(.text)
    _memset$wrapper                          0x08000103   Thumb Code    18  memseta.o(.text)
    __aeabi_uidiv                            0x08000115   Thumb Code     0  uidiv_div0.o(.text)
    __aeabi_uidivmod                         0x08000115   Thumb Code    62  uidiv_div0.o(.text)
    __scatterload                            0x08000155   Thumb Code    38  init.o(.text)
    __scatterload_rt2                        0x08000155   Thumb Code     0  init.o(.text)
    HAL_Delay                                0x08000185   Thumb Code    32  py32f002b_hal.o(.text.HAL_Delay)
    HAL_GPIO_Init                            0x080001a5   Thumb Code   352  py32f002b_hal_gpio.o(.text.HAL_GPIO_Init)
    HAL_GPIO_WritePin                        0x08000315   Thumb Code    16  py32f002b_hal_gpio.o(.text.HAL_GPIO_WritePin)
    HAL_GetTick                              0x08000325   Thumb Code     8  py32f002b_hal.o(.text.HAL_GetTick)
    HAL_IncTick                              0x0800032d   Thumb Code    16  py32f002b_hal.o(.text.HAL_IncTick)
    HAL_Init                                 0x08000341   Thumb Code    24  py32f002b_hal.o(.text.HAL_Init)
    HAL_InitTick                             0x08000359   Thumb Code    64  py32f002b_hal.o(.text.HAL_InitTick)
    HAL_MspInit                              0x0800039d   Thumb Code    40  py32f002b_hal_msp.o(.text.HAL_MspInit)
    HAL_NVIC_SetPriority                     0x080003c9   Thumb Code    48  py32f002b_hal_cortex.o(.text.HAL_NVIC_SetPriority)
    HAL_RCC_ClockConfig                      0x08000401   Thumb Code   440  py32f002b_hal_rcc.o(.text.HAL_RCC_ClockConfig)
    HAL_RCC_OscConfig                        0x080005d9   Thumb Code   872  py32f002b_hal_rcc.o(.text.HAL_RCC_OscConfig)
    HAL_SYSTICK_Config                       0x08000965   Thumb Code    40  py32f002b_hal_cortex.o(.text.HAL_SYSTICK_Config)
    HardFault_Handler                        0x08000999   Thumb Code     2  py32f002b_it.o(.text.HardFault_Handler)
    NMI_Handler                              0x0800099b   Thumb Code     2  py32f002b_it.o(.text.NMI_Handler)
    PendSV_Handler                           0x0800099d   Thumb Code     2  py32f002b_it.o(.text.PendSV_Handler)
    SVC_Handler                              0x0800099f   Thumb Code     2  py32f002b_it.o(.text.SVC_Handler)
    SysTick_Handler                          0x080009a1   Thumb Code     8  py32f002b_it.o(.text.SysTick_Handler)
    SystemInit                               0x080009a9   Thumb Code    60  system_py32f002b.o(.text.SystemInit)
    main                                     0x080009f9   Thumb Code   112  main.o(.text.main)
    sys_gpio_init                            0x08000a6d   Thumb Code   164  sys.o(.text.sys_gpio_init)
    sys_open_power                           0x08000b1d   Thumb Code    16  sys.o(.text.sys_open_power)
    __scatterload_copy                       0x08000b31   Thumb Code    14  handlers.o(i.__scatterload_copy)
    __scatterload_null                       0x08000b3f   Thumb Code     2  handlers.o(i.__scatterload_null)
    __scatterload_zeroinit                   0x08000b41   Thumb Code    14  handlers.o(i.__scatterload_zeroinit)
    AHBPrescTable                            0x08000b50   Data          64  system_py32f002b.o(.rodata.AHBPrescTable)
    Region$$Table$$Base                      0x08000bb0   Number         0  anon$$obj.o(Region$$Table)
    Region$$Table$$Limit                     0x08000bd0   Number         0  anon$$obj.o(Region$$Table)
    SystemCoreClock                          0x20000000   Data           4  system_py32f002b.o(.data.SystemCoreClock)
    uwTickFreq                               0x20000004   Data           4  py32f002b_hal.o(.data.uwTickFreq)
    uwTickPrio                               0x20000008   Data           4  py32f002b_hal.o(.data.uwTickPrio)
    uwTick                                   0x20000010   Data           4  py32f002b_hal.o(.bss.uwTick)
    __initial_sp                             0x20000418   Data           0  startup_py32f002bxx.o(STACK)



==============================================================================

Memory Map of the image

  Image Entry point : 0x080000c1

  Load Region LR_IROM1 (Base: 0x08000000, Size: 0x00000be0, Max: 0x00006000, ABSOLUTE)

    Execution Region ER_IROM1 (Exec base: 0x08000000, Load base: 0x08000000, Size: 0x00000bd0, Max: 0x00006000, ABSOLUTE)

    Exec Addr    Load Addr    Size         Type   Attr      Idx    E Section Name        Object

    0x08000000   0x08000000   0x000000c0   Data   RO            3    RESET               startup_py32f002bxx.o
    0x080000c0   0x080000c0   0x00000000   Code   RO          704  * .ARM.Collect$$$$00000000  mc_p.l(entry.o)
    0x080000c0   0x080000c0   0x00000004   Code   RO          715    .ARM.Collect$$$$00000001  mc_p.l(entry2.o)
    0x080000c4   0x080000c4   0x00000004   Code   RO          718    .ARM.Collect$$$$00000004  mc_p.l(entry5.o)
    0x080000c8   0x080000c8   0x00000000   Code   RO          720    .ARM.Collect$$$$00000008  mc_p.l(entry7b.o)
    0x080000c8   0x080000c8   0x00000000   Code   RO          722    .ARM.Collect$$$$0000000A  mc_p.l(entry8b.o)
    0x080000c8   0x080000c8   0x00000008   Code   RO          723    .ARM.Collect$$$$0000000B  mc_p.l(entry9a.o)
    0x080000d0   0x080000d0   0x00000000   Code   RO          725    .ARM.Collect$$$$0000000D  mc_p.l(entry10a.o)
    0x080000d0   0x080000d0   0x00000000   Code   RO          727    .ARM.Collect$$$$0000000F  mc_p.l(entry11a.o)
    0x080000d0   0x080000d0   0x00000004   Code   RO          716    .ARM.Collect$$$$00002712  mc_p.l(entry2.o)
    0x080000d4   0x080000d4   0x0000001c   Code   RO            4    .text               startup_py32f002bxx.o
    0x080000f0   0x080000f0   0x00000024   Code   RO          713    .text               mc_p.l(memseta.o)
    0x08000114   0x08000114   0x0000003e   Code   RO          733    .text               mc_p.l(uidiv_div0.o)
    0x08000152   0x08000152   0x00000002   PAD
    0x08000154   0x08000154   0x00000030   Code   RO          739    .text               mc_p.l(init.o)
    0x08000184   0x08000184   0x00000020   Code   RO          102    .text.HAL_Delay     py32f002b_hal.o
    0x080001a4   0x080001a4   0x00000170   Code   RO          261    .text.HAL_GPIO_Init  py32f002b_hal_gpio.o
    0x08000314   0x08000314   0x00000010   Code   RO          267    .text.HAL_GPIO_WritePin  py32f002b_hal_gpio.o
    0x08000324   0x08000324   0x00000008   Code   RO           94    .text.HAL_GetTick   py32f002b_hal.o
    0x0800032c   0x0800032c   0x00000014   Code   RO           92    .text.HAL_IncTick   py32f002b_hal.o
    0x08000340   0x08000340   0x00000018   Code   RO           82    .text.HAL_Init      py32f002b_hal.o
    0x08000358   0x08000358   0x00000044   Code   RO           84    .text.HAL_InitTick  py32f002b_hal.o
    0x0800039c   0x0800039c   0x0000002c   Code   RO           40    .text.HAL_MspInit   py32f002b_hal_msp.o
    0x080003c8   0x080003c8   0x00000038   Code   RO          153    .text.HAL_NVIC_SetPriority  py32f002b_hal_cortex.o
    0x08000400   0x08000400   0x000001d8   Code   RO          417    .text.HAL_RCC_ClockConfig  py32f002b_hal_rcc.o
    0x080005d8   0x080005d8   0x0000038c   Code   RO          413    .text.HAL_RCC_OscConfig  py32f002b_hal_rcc.o
    0x08000964   0x08000964   0x00000034   Code   RO          161    .text.HAL_SYSTICK_Config  py32f002b_hal_cortex.o
    0x08000998   0x08000998   0x00000002   Code   RO           50    .text.HardFault_Handler  py32f002b_it.o
    0x0800099a   0x0800099a   0x00000002   Code   RO           48    .text.NMI_Handler   py32f002b_it.o
    0x0800099c   0x0800099c   0x00000002   Code   RO           54    .text.PendSV_Handler  py32f002b_it.o
    0x0800099e   0x0800099e   0x00000002   Code   RO           52    .text.SVC_Handler   py32f002b_it.o
    0x080009a0   0x080009a0   0x00000008   Code   RO           56    .text.SysTick_Handler  py32f002b_it.o
    0x080009a8   0x080009a8   0x00000050   Code   RO           13    .text.SystemInit    system_py32f002b.o
    0x080009f8   0x080009f8   0x00000074   Code   RO           27    .text.main          main.o
    0x08000a6c   0x08000a6c   0x000000b0   Code   RO           65    .text.sys_gpio_init  sys.o
    0x08000b1c   0x08000b1c   0x00000014   Code   RO           71    .text.sys_open_power  sys.o
    0x08000b30   0x08000b30   0x0000000e   Code   RO          743    i.__scatterload_copy  mc_p.l(handlers.o)
    0x08000b3e   0x08000b3e   0x00000002   Code   RO          744    i.__scatterload_null  mc_p.l(handlers.o)
    0x08000b40   0x08000b40   0x0000000e   Code   RO          745    i.__scatterload_zeroinit  mc_p.l(handlers.o)
    0x08000b4e   0x08000b4e   0x00000002   PAD
    0x08000b50   0x08000b50   0x00000040   Data   RO           16    .rodata.AHBPrescTable  system_py32f002b.o
    0x08000b90   0x08000b90   0x00000020   Data   RO          439    .rodata.cst32       py32f002b_hal_rcc.o
    0x08000bb0   0x08000bb0   0x00000020   Data   RO          742    Region$$Table       anon$$obj.o


    Execution Region RW_IRAM1 (Exec base: 0x20000000, Load base: 0x08000bd0, Size: 0x00000418, Max: 0x00000c00, ABSOLUTE)

    Exec Addr    Load Addr    Size         Type   Attr      Idx    E Section Name        Object

    0x20000000   0x08000bd0   0x00000004   Data   RW           15    .data.SystemCoreClock  system_py32f002b.o
    0x20000004   0x08000bd4   0x00000004   Data   RW          143    .data.uwTickFreq    py32f002b_hal.o
    0x20000008   0x08000bd8   0x00000004   Data   RW          142    .data.uwTickPrio    py32f002b_hal.o
    0x2000000c   0x08000bdc   0x00000004   PAD
    0x20000010        -       0x00000004   Zero   RW          144    .bss.uwTick         py32f002b_hal.o
    0x20000014   0x08000bdc   0x00000004   PAD
    0x20000018        -       0x00000400   Zero   RW            1    STACK               startup_py32f002bxx.o


==============================================================================

Image component sizes


      Code (inc. data)   RO Data    RW Data    ZI Data      Debug   Object Name

       116          4          0          0          0       1894   main.o
       152          8          0          8          4       6688   py32f002b_hal.o
       108         20          0          0          0       5045   py32f002b_hal_cortex.o
       384         16          0          0          0       4413   py32f002b_hal_gpio.o
        44          4          0          0          0       1302   py32f002b_hal_msp.o
      1380         68         32          0          0       8312   py32f002b_hal_rcc.o
        16          0          0          0          0        688   py32f002b_it.o
        28          8        192          0       1024        612   startup_py32f002bxx.o
       196         16          0          0          0       2335   sys.o
        80         20         64          4          0       2154   system_py32f002b.o

    ----------------------------------------------------------------------
      2504        164        320         12       1036      33443   Object Totals
         0          0         32          0          0          0   (incl. Generated)
         0          0          0          0          8          0   (incl. Padding)

    ----------------------------------------------------------------------

      Code (inc. data)   RO Data    RW Data    ZI Data      Debug   Library Member Name

         0          0          0          0          0          0   entry.o
         0          0          0          0          0          0   entry10a.o
         0          0          0          0          0          0   entry11a.o
         8          4          0          0          0          0   entry2.o
         4          0          0          0          0          0   entry5.o
         0          0          0          0          0          0   entry7b.o
         0          0          0          0          0          0   entry8b.o
         8          4          0          0          0          0   entry9a.o
        30          0          0          0          0          0   handlers.o
        48         10          0          0          0         68   init.o
        36          0          0          0          0        100   memseta.o
        62          0          0          0          0         72   uidiv_div0.o

    ----------------------------------------------------------------------
       200         18          0          0          0        240   Library Totals
         4          0          0          0          0          0   (incl. Padding)

    ----------------------------------------------------------------------

      Code (inc. data)   RO Data    RW Data    ZI Data      Debug   Library Name

       196         18          0          0          0        240   mc_p.l

    ----------------------------------------------------------------------
       200         18          0          0          0        240   Library Totals

    ----------------------------------------------------------------------

==============================================================================


      Code (inc. data)   RO Data    RW Data    ZI Data      Debug   

      2704        182        320         12       1036      33675   Grand Totals
      2704        182        320         12       1036      33675   ELF Image Totals
      2704        182        320         12          0          0   ROM Totals

==============================================================================

    Total RO  Size (Code + RO Data)                 3024 (   2.95kB)
    Total RW  Size (RW Data + ZI Data)              1048 (   1.02kB)
    Total ROM Size (Code + RO Data + RW Data)       3036 (   2.96kB)

==============================================================================

