C51 COMPILER V9.60.7.0   DHT20                                                             06/25/2024 16:07:33 PAGE 1   


C51 COMPILER V9.60.7.0, COMPILATION OF MODULE DHT20
OBJECT MODULE PLACED IN .\Objects\dht20.obj
COMPILER INVOKED BY: D:\Embedded_drive\Keil_v5\C51\BIN\C51.EXE src\src\dht20.c LARGE OMF2 OPTIMIZE(9,SPEED) BROWSE INCDI
                    -R(./src/lib) DEBUG PRINT(.\Listings\dht20.lst) OBJECT(.\Objects\dht20.obj)

line level    source

   1          #include "dht20.h"
   2          #include "i2c.h"
   3          
   4          static u8 read_status() {
   5   1          u8 byte;
   6   1          i2c_start();
   7   1          i2c_send(0x71);
   8   1          byte = i2c_read(0);
   9   1          i2c_stop();
  10   1          return byte;
  11   1      }
  12          
  13          static void reset_reg(u8 addr) {
  14   1          u8 b1, b2, b3;
  15   1          i2c_start();
  16   1          i2c_send(0x70);
  17   1          i2c_send(addr);
  18   1          i2c_send(0x00);
  19   1          i2c_send(0x00);
  20   1          i2c_stop();
  21   1      
  22   1          delay_ms(5);
  23   1      
  24   1          i2c_start();
  25   1          i2c_send(0x71);
  26   1          b1 = i2c_read(1);
  27   1          b2 = i2c_read(1);
  28   1          b3 = i2c_read(0);
  29   1          i2c_stop();
  30   1      
  31   1          delay_ms(10);
  32   1          i2c_start();
  33   1          i2c_send(0x70);
  34   1          i2c_send(0xB0 | addr);
  35   1          i2c_send(b2);
  36   1          i2c_send(b3);
  37   1          i2c_stop();
  38   1      }
  39          
  40          static void send_ac() {
  41   1          i2c_start();
  42   1          i2c_send(0x70);
  43   1          i2c_send(0xac);
  44   1          i2c_send(0x33);
  45   1          i2c_send(0x00);
  46   1          i2c_stop();
  47   1      }
  48          
  49          void dht20_init(void) {
  50   1          if ((read_status() & 0x18) != 0x18) {
  51   2              reset_reg(0x1b);
  52   2              reset_reg(0x1c);
  53   2              reset_reg(0x1e);
  54   2              delay_ms(10);
C51 COMPILER V9.60.7.0   DHT20                                                             06/25/2024 16:07:33 PAGE 2   

  55   2          }
  56   1      }
  57          
  58          #if DHT20_CRC
              
              static u8 cal_crc(uint8_t* message, uint8_t num) {
                  uint8_t i;
                  uint8_t byte;
                  uint8_t crc = 0xFF;
                  for (byte = 0; byte < num; byte++) {
                      crc ^= (message[byte]);
                      for (i = 8; i > 0; --i) {
                          if (crc & 0x80)
                              crc = (crc << 1) ^ 0x31;
                          else
                              crc = (crc << 1);
                      }
                  }
                  return crc;
              }
              
              void dht20_read(dht20_val* val) {
                  volatile u8 b1 = 0, b2 = 0, b3 = 0, b4 = 0, b5 = 0, b6 = 0, b7 = 0;
                  u32 ret_data = 0, t = 0, h = 0;
                  size_t cnt = 0;
                  u8 crc_dat[6] = {0};
              
                  // 发测量命令
                  send_ac();
                  delay_ms(80);
                  // 直到状态bit[7]为0，表示为空闲状态，若为1，表示忙状态
                  while (((read_status() & 0x80) == 0x80)) {
                      delay_us(1508);
                      if (cnt++ >= 100) {
                          break;
                      }
                  }
                  i2c_start();
                  i2c_send(0x71);
                  crc_dat[0] = b1 = i2c_read(1);
                  crc_dat[1] = b2 = i2c_read(1);
                  crc_dat[2] = b3 = i2c_read(1);
                  crc_dat[3] = b4 = i2c_read(1);
                  crc_dat[4] = b5 = i2c_read(1);
                  crc_dat[5] = b6 = i2c_read(1);
                  b7 = i2c_read(0);
                  i2c_stop();
              
                  if (cal_crc(crc_dat, 6) == b7) {
                      ret_data = (ret_data | b2) << 8;
                      ret_data = (ret_data | b3) << 8;
                      ret_data = (ret_data | b4);
                      ret_data = ret_data >> 4;
                      h = ret_data;  // 湿度
                      ret_data = 0;
                      ret_data = (ret_data | b4) << 8;
                      ret_data = (ret_data | b5) << 8;
                      ret_data = (ret_data | b6);
                      ret_data = ret_data & 0xfffff;
                      t = ret_data;  // 温度
              
                      val->tmep = (t * 200.0 * 10 / 1024.0 / 1024.0 - 500) / 10.0;
C51 COMPILER V9.60.7.0   DHT20                                                             06/25/2024 16:07:33 PAGE 3   

                      val->humidity = (h * 100.0 * 10 / 1024.0 / 1024.0) / 10.0;
                  } else {
                      val->tmep = -1;
                      val->humidity = -1;
                  }
              }
              
              #else
 125          
 126          void dht20_read(dht20_val* val) {
 127   1          volatile u8 b1 = 0, b2 = 0, b3 = 0, b4 = 0, b5 = 0, b6 = 0;
 128   1          u32 ret_data = 0, t = 0, h = 0;
 129   1          size_t cnt = 0;
 130   1      
 131   1          // 发测量命令
 132   1          send_ac();
 133   1          delay_ms(80);
 134   1          // 直到状态bit[7]为0，表示为空闲状态，若为1，表示忙状态
 135   1          while (((read_status() & 0x80) == 0x80)) {
 136   2              delay_us(1508);
 137   2              if (cnt++ >= 100) {
 138   3                  break;
 139   3              }
 140   2          }
 141   1          i2c_start();
 142   1          i2c_send(0x71);
 143   1          b1 = i2c_read(1);
 144   1          b2 = i2c_read(1);
 145   1          b3 = i2c_read(1);
 146   1          b4 = i2c_read(1);
 147   1          b5 = i2c_read(1);
 148   1          b6 = i2c_read(0);
 149   1          i2c_stop();
 150   1      
 151   1          ret_data = (ret_data | b2) << 8;
 152   1          ret_data = (ret_data | b3) << 8;
 153   1          ret_data = (ret_data | b4);
 154   1          ret_data = ret_data >> 4;
 155   1          h = ret_data;  // 湿度
 156   1          ret_data = 0;
 157   1          ret_data = (ret_data | b4) << 8;
 158   1          ret_data = (ret_data | b5) << 8;
 159   1          ret_data = (ret_data | b6);
 160   1          ret_data = ret_data & 0xfffff;
 161   1          t = ret_data;  // 温度
 162   1      
 163   1          val->tmep = (t / 1048576.00) * 200.0 - 50;
 164   1          val->humidity = (h / 1048576.00) * 100;
 165   1      }
 166          
 167          #endif


MODULE INFORMATION:   STATIC OVERLAYABLE
   CODE SIZE        =    651    ----
   CONSTANT SIZE    =   ----    ----
   XDATA SIZE       =   ----      28
   PDATA SIZE       =   ----    ----
   DATA SIZE        =   ----    ----
   IDATA SIZE       =   ----    ----
   BIT SIZE         =   ----    ----
   EDATA SIZE       =   ----    ----
C51 COMPILER V9.60.7.0   DHT20                                                             06/25/2024 16:07:33 PAGE 4   

   HDATA SIZE       =   ----    ----
   XDATA CONST SIZE =   ----    ----
   FAR CONST SIZE   =   ----    ----
END OF MODULE INFORMATION.


C51 COMPILATION COMPLETE.  0 WARNING(S),  0 ERROR(S)
