C51 COMPILER V9.60.7.0   PT6315                                                            06/25/2024 16:07:33 PAGE 1   


C51 COMPILER V9.60.7.0, COMPILATION OF MODULE PT6315
OBJECT MODULE PLACED IN .\Objects\pt6315.obj
COMPILER INVOKED BY: D:\Embedded_drive\Keil_v5\C51\BIN\C51.EXE src\src\pt6315.c LARGE OMF2 OPTIMIZE(9,SPEED) BROWSE INCD
                    -IR(./src/lib) DEBUG PRINT(.\Listings\pt6315.lst) OBJECT(.\Objects\pt6315.obj)

line level    source

   1          /*
   2           * @Description:
   3           * @Blog: saisaiwa.com
   4           * @Author: ccy
   5           * @Date: 2023-11-02 13:45:35
   6           * @LastEditTime: 2023-11-02 16:31:48
   7           */
   8          #include "pt6315.h"
   9          
  10          void writeData(uint8_t dat) {
  11   1          size_t i = 0;
  12   1          CLK_0;
  13   1          for (i = 0; i < 8; i++) {
  14   2              delay_us(10);
  15   2              if (dat & 0x01) {
  16   3                  DIN_1;
  17   3              } else {
  18   3                  DIN_0;
  19   3              }
  20   2              delay_us(10);
  21   2              CLK_1;
  22   2              delay_us(10);
  23   2              CLK_0;
  24   2              dat >>= 1;
  25   2          }
  26   1      }
  27          
  28          void setModeWirteDisplayMode(uint8_t addressMode) {
  29   1          uint8_t command = 0x40;
  30   1          if (addressMode) {
  31   2              command |= 0x4;
  32   2          }
  33   1          STB_1;
  34   1          delay_us(10);
  35   1          STB_0;
  36   1          delay_us(10);
  37   1          writeData(command);
  38   1          delay_us(10);
  39   1          STB_1;
  40   1      }
  41          
  42          /**
  43           * COMMANDS 1 显示模式设置命令
  44           * 0000 ： 4位， 24段
  45           * 0001 ：5位， 23段
  46           * 0010 ： 6位数字， 22段
  47           * 0011 ： 7位， 21段
  48           * 0100 ： 8位， 20段
  49           * 0101 ： 9位， 19段
  50           * 0110 ： 10位， 18段
  51           * 0111 ： 11位， 17段
  52           * 1XXX ： 12位， 16段
  53           */
  54          void setDisplayMode(uint8_t digit) {
C51 COMPILER V9.60.7.0   PT6315                                                            06/25/2024 16:07:33 PAGE 2   

  55   1          STB_1;
  56   1          delay_us(10);
  57   1          STB_0;
  58   1          delay_us(10);
  59   1          writeData(digit);
  60   1          delay_us(10);
  61   1          STB_1;
  62   1      }
  63          /**
  64           * 显示控制命令  COMMANDS 4
  65           * @param onOff 0显示关闭，1开启显示
  66           * @param brightnessVal 亮度占空比 0~7调整
  67           * 000：脉冲宽度= 1/16 0
  68           * 001：脉冲宽度= 2/16 1
  69           * 010 ：脉冲宽度= 4/16 0x2
  70           * 011 ：脉冲宽度= 10/16 3
  71           * 100：脉冲宽度= 11/16  4
  72           * 101 ：脉冲宽度= 12/16 0x5
  73           * 110：脉冲宽度= 13/16 6
  74           * 111：脉冲宽度= 14/16 0x7
  75           */
  76          void ptSetDisplayLight(uint8_t onOff, uint8_t brightnessVal) {
  77   1          uint8_t command = 0x80 | brightnessVal;
  78   1          if (onOff) {
  79   2              command |= 0x8;
  80   2          }
  81   1          STB_1;
  82   1          delay_us(10);
  83   1          STB_0;
  84   1          delay_us(10);
  85   1          // 0x8f
  86   1          writeData(command);
  87   1          delay_us(10);
  88   1          STB_1;
  89   1      }
  90          
  91          void sendDigAndData(uint8_t dig, const uint8_t* dat, size_t len) {
  92   1          size_t i = 0;
  93   1          STB_1;
  94   1          delay_us(10);
  95   1          STB_0;
  96   1          delay_us(10);
  97   1          writeData(0xc0 | dig);
  98   1          delay_us(10);
  99   1          for (i = 0; i < len; i++) {
 100   2              writeData(dat[i]);
 101   2          }
 102   1          delay_us(10);
 103   1          STB_1;
 104   1      }


MODULE INFORMATION:   STATIC OVERLAYABLE
   CODE SIZE        =    353    ----
   CONSTANT SIZE    =   ----    ----
   XDATA SIZE       =   ----      14
   PDATA SIZE       =   ----    ----
   DATA SIZE        =   ----    ----
   IDATA SIZE       =   ----    ----
   BIT SIZE         =   ----    ----
   EDATA SIZE       =   ----    ----
   HDATA SIZE       =   ----    ----
C51 COMPILER V9.60.7.0   PT6315                                                            06/25/2024 16:07:33 PAGE 3   

   XDATA CONST SIZE =   ----    ----
   FAR CONST SIZE   =   ----    ----
END OF MODULE INFORMATION.


C51 COMPILATION COMPLETE.  0 WARNING(S),  0 ERROR(S)
